Archive member included to satisfy reference by file (symbol)

C:/ProgramData/MATLAB/SupportPackages/R2025b/3P.instrset/gnuarm-armcortex.instrset/win/bin/../lib/gcc/arm-none-eabi/13.2.1/thumb/v7e-m+dp/hard\libm.a(libm_a-w_asin.o)
                              AccGyrXSim.c.o (asin)
C:/ProgramData/MATLAB/SupportPackages/R2025b/3P.instrset/gnuarm-armcortex.instrset/win/bin/../lib/gcc/arm-none-eabi/13.2.1/thumb/v7e-m+dp/hard\libm.a(libm_a-w_atan2.o)
                              AccGyrXSim.c.o (atan2)
C:/ProgramData/MATLAB/SupportPackages/R2025b/3P.instrset/gnuarm-armcortex.instrset/win/bin/../lib/gcc/arm-none-eabi/13.2.1/thumb/v7e-m+dp/hard\libm.a(libm_a-w_fmod.o)
                              AccGyrXSim.c.o (fmod)
C:/ProgramData/MATLAB/SupportPackages/R2025b/3P.instrset/gnuarm-armcortex.instrset/win/bin/../lib/gcc/arm-none-eabi/13.2.1/thumb/v7e-m+dp/hard\libm.a(libm_a-w_sqrt.o)
                              AccGyrXSim.c.o (sqrt)
C:/ProgramData/MATLAB/SupportPackages/R2025b/3P.instrset/gnuarm-armcortex.instrset/win/bin/../lib/gcc/arm-none-eabi/13.2.1/thumb/v7e-m+dp/hard\libm.a(libm_a-s_cos.o)
                              AccGyrXSim.c.o (cos)
C:/ProgramData/MATLAB/SupportPackages/R2025b/3P.instrset/gnuarm-armcortex.instrset/win/bin/../lib/gcc/arm-none-eabi/13.2.1/thumb/v7e-m+dp/hard\libm.a(libm_a-s_fabs.o)
                              C:/ProgramData/MATLAB/SupportPackages/R2025b/3P.instrset/gnuarm-armcortex.instrset/win/bin/../lib/gcc/arm-none-eabi/13.2.1/thumb/v7e-m+dp/hard\libm.a(libm_a-w_asin.o) (fabs)
C:/ProgramData/MATLAB/SupportPackages/R2025b/3P.instrset/gnuarm-armcortex.instrset/win/bin/../lib/gcc/arm-none-eabi/13.2.1/thumb/v7e-m+dp/hard\libm.a(libm_a-s_sin.o)
                              AccGyrXSim.c.o (sin)
C:/ProgramData/MATLAB/SupportPackages/R2025b/3P.instrset/gnuarm-armcortex.instrset/win/bin/../lib/gcc/arm-none-eabi/13.2.1/thumb/v7e-m+dp/hard\libm.a(libm_a-s_nan.o)
                              C:/ProgramData/MATLAB/SupportPackages/R2025b/3P.instrset/gnuarm-armcortex.instrset/win/bin/../lib/gcc/arm-none-eabi/13.2.1/thumb/v7e-m+dp/hard\libm.a(libm_a-w_asin.o) (nan)
C:/ProgramData/MATLAB/SupportPackages/R2025b/3P.instrset/gnuarm-armcortex.instrset/win/bin/../lib/gcc/arm-none-eabi/13.2.1/thumb/v7e-m+dp/hard\libm.a(libm_a-e_sqrt.o)
                              C:/ProgramData/MATLAB/SupportPackages/R2025b/3P.instrset/gnuarm-armcortex.instrset/win/bin/../lib/gcc/arm-none-eabi/13.2.1/thumb/v7e-m+dp/hard\libm.a(libm_a-w_sqrt.o) (__ieee754_sqrt)
C:/ProgramData/MATLAB/SupportPackages/R2025b/3P.instrset/gnuarm-armcortex.instrset/win/bin/../lib/gcc/arm-none-eabi/13.2.1/thumb/v7e-m+dp/hard\libm.a(libm_a-k_cos.o)
                              C:/ProgramData/MATLAB/SupportPackages/R2025b/3P.instrset/gnuarm-armcortex.instrset/win/bin/../lib/gcc/arm-none-eabi/13.2.1/thumb/v7e-m+dp/hard\libm.a(libm_a-s_cos.o) (__kernel_cos)
C:/ProgramData/MATLAB/SupportPackages/R2025b/3P.instrset/gnuarm-armcortex.instrset/win/bin/../lib/gcc/arm-none-eabi/13.2.1/thumb/v7e-m+dp/hard\libm.a(libm_a-k_sin.o)
                              C:/ProgramData/MATLAB/SupportPackages/R2025b/3P.instrset/gnuarm-armcortex.instrset/win/bin/../lib/gcc/arm-none-eabi/13.2.1/thumb/v7e-m+dp/hard\libm.a(libm_a-s_cos.o) (__kernel_sin)
C:/ProgramData/MATLAB/SupportPackages/R2025b/3P.instrset/gnuarm-armcortex.instrset/win/bin/../lib/gcc/arm-none-eabi/13.2.1/thumb/v7e-m+dp/hard\libm.a(libm_a-e_asin.o)
                              C:/ProgramData/MATLAB/SupportPackages/R2025b/3P.instrset/gnuarm-armcortex.instrset/win/bin/../lib/gcc/arm-none-eabi/13.2.1/thumb/v7e-m+dp/hard\libm.a(libm_a-w_asin.o) (__ieee754_asin)
C:/ProgramData/MATLAB/SupportPackages/R2025b/3P.instrset/gnuarm-armcortex.instrset/win/bin/../lib/gcc/arm-none-eabi/13.2.1/thumb/v7e-m+dp/hard\libm.a(libm_a-e_atan2.o)
                              C:/ProgramData/MATLAB/SupportPackages/R2025b/3P.instrset/gnuarm-armcortex.instrset/win/bin/../lib/gcc/arm-none-eabi/13.2.1/thumb/v7e-m+dp/hard\libm.a(libm_a-w_atan2.o) (__ieee754_atan2)
C:/ProgramData/MATLAB/SupportPackages/R2025b/3P.instrset/gnuarm-armcortex.instrset/win/bin/../lib/gcc/arm-none-eabi/13.2.1/thumb/v7e-m+dp/hard\libm.a(libm_a-e_fmod.o)
                              C:/ProgramData/MATLAB/SupportPackages/R2025b/3P.instrset/gnuarm-armcortex.instrset/win/bin/../lib/gcc/arm-none-eabi/13.2.1/thumb/v7e-m+dp/hard\libm.a(libm_a-w_fmod.o) (__ieee754_fmod)
C:/ProgramData/MATLAB/SupportPackages/R2025b/3P.instrset/gnuarm-armcortex.instrset/win/bin/../lib/gcc/arm-none-eabi/13.2.1/thumb/v7e-m+dp/hard\libm.a(libm_a-e_rem_pio2.o)
                              C:/ProgramData/MATLAB/SupportPackages/R2025b/3P.instrset/gnuarm-armcortex.instrset/win/bin/../lib/gcc/arm-none-eabi/13.2.1/thumb/v7e-m+dp/hard\libm.a(libm_a-s_cos.o) (__ieee754_rem_pio2)
C:/ProgramData/MATLAB/SupportPackages/R2025b/3P.instrset/gnuarm-armcortex.instrset/win/bin/../lib/gcc/arm-none-eabi/13.2.1/thumb/v7e-m+dp/hard\libm.a(libm_a-s_atan.o)
[...]
Memory Configuration

Name             Origin             Length             Attributes
FLASH            0x08000000         0x00200000         xr
DTCMRAM          0x20000000         0x00020000         xrw
RAM_D1           0x24000000         0x00080000         xrw
RAM_D2           0x30000000         0x00048000         xrw
RAM_D3           0x38000000         0x00010000         xrw
ITCMRAM          0x00000000         0x00010000         xrw
*default*        0x00000000         0xffffffff

Linker script and memory map

LOAD C:/ProgramData/MATLAB/SupportPackages/R2025b/3P.instrset/gnuarm-armcortex.instrset/win/bin/../lib/gcc/arm-none-eabi/13.2.1/thumb/v7e-m+dp/hard/crti.o
LOAD C:/ProgramData/MATLAB/SupportPackages/R2025b/3P.instrset/gnuarm-armcortex.instrset/win/bin/../lib/gcc/arm-none-eabi/13.2.1/thumb/v7e-m+dp/hard/crtbegin.o
LOAD C:/ProgramData/MATLAB/SupportPackages/R2025b/3P.instrset/gnuarm-armcortex.instrset/win/bin/../lib/gcc/arm-none-eabi/13.2.1/thumb/v7e-m+dp/hard/crt0.o
LOAD AccGyrXSim.c.o
LOAD ert_main.c.o
LOAD rtGetNaN.c.o
LOAD rt_nonfinite.c.o
LOAD overrideHALDelay.c.o
LOAD platform_timer.c.o
LOAD SysTickScheduler.c.o
LOAD m3m4m4f_multitasking.c.o
LOAD main.c.o
LOAD stm32h7xx_it.c.o
LOAD stm32h7xx_hal_msp.c.o
LOAD stm32h7xx_hal_timebase_tim.c.o
LOAD stm32h7xx_ll_exti.c.o
LOAD stm32h7xx_ll_gpio.c.o
LOAD stm32h7xx_hal_cortex.c.o
LOAD stm32h7xx_hal_spi.c.o
LOAD stm32h7xx_hal_spi_ex.c.o
LOAD stm32h7xx_hal_rcc.c.o
LOAD stm32h7xx_hal_rcc_ex.c.o
LOAD stm32h7xx_hal_flash.c.o
LOAD stm32h7xx_hal_flash_ex.c.o
LOAD stm32h7xx_hal_gpio.c.o
LOAD stm32h7xx_hal_hsem.c.o
LOAD stm32h7xx_hal_dma.c.o
LOAD stm32h7xx_hal_dma_ex.c.o
LOAD stm32h7xx_hal_mdma.c.o
LOAD stm32h7xx_hal_pwr.c.o
LOAD stm32h7xx_hal_pwr_ex.c.o
LOAD stm32h7xx_hal.c.o
LOAD stm32h7xx_hal_i2c.c.o
LOAD stm32h7xx_hal_i2c_ex.c.o
LOAD stm32h7xx_hal_exti.c.o
LOAD stm32h7xx_ll_rcc.c.o
LOAD stm32h7xx_ll_utils.c.o
LOAD stm32h7xx_hal_tim.c.o
LOAD stm32h7xx_hal_tim_ex.c.o
LOAD stm32h7xx_hal_uart.c.o
LOAD stm32h7xx_hal_uart_ex.c.o
LOAD system_stm32h7xx.c.o
LOAD syscalls.c.o
LOAD sysmem.c.o
LOAD startup_stm32h753zitx.s.o
LOAD C:/ProgramData/MATLAB/SupportPackages/R2025b/3P.instrset/cmsis_dsp.instrset/Lib/GCC/arm_cortexm7ldfdp_math/libCMSISDSP.a
LOAD C:/ProgramData/MATLAB/SupportPackages/R2025b/toolbox/shared/supportpackages/stm32/lib/GCC/libmw_pdmfilter_m7_dpfp.lib
LOAD C:/ProgramData/MATLAB/SupportPackages/R2025b/3P.instrset/gnuarm-armcortex.instrset/win/bin/../lib/gcc/arm-none-eabi/13.2.1/thumb/v7e-m+dp/hard\libstdc++_nano.a
LOAD C:/ProgramData/MATLAB/SupportPackages/R2025b/3P.instrset/gnuarm-armcortex.instrset/win/bin/../lib/gcc/arm-none-eabi/13.2.1/thumb/v7e-m+dp/hard\libm.a
START GROUP
LOAD C:/ProgramData/MATLAB/SupportPackages/R2025b/3P.instrset/gnuarm-armcortex.instrset/win/bin/../lib/gcc/arm-none-eabi/13.2.1/thumb/v7e-m+dp/hard\libgcc.a
LOAD C:/ProgramData/MATLAB/SupportPackages/R2025b/3P.instrset/gnuarm-armcortex.instrset/win/bin/../lib/gcc/arm-none-eabi/13.2.1/thumb/v7e-m+dp/hard\libg_nano.a
LOAD C:/ProgramData/MATLAB/SupportPackages/R2025b/3P.instrset/gnuarm-armcortex.instrset/win/bin/../lib/gcc/arm-none-eabi/13.2.1/thumb/v7e-m+dp/hard\libc_nano.a
END GROUP
START GROUP
LOAD C:/ProgramData/MATLAB/SupportPackages/R2025b/3P.instrset/gnuarm-armcortex.instrset/win/bin/../lib/gcc/arm-none-eabi/13.2.1/thumb/v7e-m+dp/hard\libgcc.a
LOAD C:/ProgramData/MATLAB/SupportPackages/R2025b/3P.instrset/gnuarm-armcortex.instrset/win/bin/../lib/gcc/arm-none-eabi/13.2.1/thumb/v7e-m+dp/hard\libc_nano.a
LOAD C:/ProgramData/MATLAB/SupportPackages/R2025b/3P.instrset/gnuarm-armcortex.instrset/win/bin/../lib/gcc/arm-none-eabi/13.2.1/thumb/v7e-m+dp/hard\libnosys.a
END GROUP
START GROUP
LOAD C:/ProgramData/MATLAB/SupportPackages/R2025b/3P.instrset/gnuarm-armcortex.instrset/win/bin/../lib/gcc/arm-none-eabi/13.2.1/thumb/v7e-m+dp/hard\libgcc.a
LOAD C:/ProgramData/MATLAB/SupportPackages/R2025b/3P.instrset/gnuarm-armcortex.instrset/win/bin/../lib/gcc/arm-none-eabi/13.2.1/thumb/v7e-m+dp/hard\libc_nano.a
LOAD C:/ProgramData/MATLAB/SupportPackages/R2025b/3P.instrset/gnuarm-armcortex.instrset/win/bin/../lib/gcc/arm-none-eabi/13.2.1/thumb/v7e-m+dp/hard\libnosys.a
END GROUP
LOAD C:/ProgramData/MATLAB/SupportPackages/R2025b/3P.instrset/gnuarm-armcortex.instrset/win/bin/../lib/gcc/arm-none-eabi/13.2.1/thumb/v7e-m+dp/hard/crtend.o
LOAD C:/ProgramData/MATLAB/SupportPackages/R2025b/3P.instrset/gnuarm-armcortex.instrset/win/bin/../lib/gcc/arm-none-eabi/13.2.1/thumb/v7e-m+dp/hard/crtn.o
                0x24080000                        _estack = (ORIGIN (RAM_D1) + LENGTH (RAM_D1))
                0x00000200                        _Min_Heap_Size = 0x200
                0x00000400                        _Min_Stack_Size = 0x400

.isr_vector     0x08000000      0x298
                0x08000000                        . = ALIGN (0x4)
 *(.isr_vector)
 .isr_vector    0x08000000      0x298 startup_stm32h753zitx.s.o
                0x08000000                g_pfnVectors
                0x08000298                        . = ALIGN (0x4)

.text           0x08000298     0x9d84
                0x08000298                        . = ALIGN (0x4)
 *(.text)
 .text          0x08000298       0x30 C:/ProgramData/MATLAB/SupportPackages/R2025b/3P.instrset/gnuarm-armcortex.instrset/win/bin/../lib/gcc/arm-none-eabi/13.2.1/thumb/v7e-m+dp/hard\libgcc.a(_aeabi_uldivmod.o)
                0x08000298                __aeabi_uldivmod
 .text          0x080002c8        0x4 C:/ProgramData/MATLAB/SupportPackages/R2025b/3P.instrset/gnuarm-armcortex.instrset/win/bin/../lib/gcc/arm-none-eabi/13.2.1/thumb/v7e-m+dp/hard\libgcc.a(_dvmd_tls.o)
                0x080002c8                __aeabi_idiv0
                0x080002c8                __aeabi_ldiv0
 *(.text*)
 .text.deregister_tm_clones
                0x080002cc       0x1c C:/ProgramData/MATLAB/SupportPackages/R2025b/3P.instrset/gnuarm-armcortex.instrset/win/bin/../lib/gcc/arm-none-eabi/13.2.1/thumb/v7e-m+dp/hard/crtbegin.o
 .text.register_tm_clones
                0x080002e8       0x24 C:/ProgramData/MATLAB/SupportPackages/R2025b/3P.instrset/gnuarm-armcortex.instrset/win/bin/../lib/gcc/arm-none-eabi/13.2.1/thumb/v7e-m+dp/hard/crtbegin.o
 .text.__do_global_dtors_aux
                0x0800030c       0x28 C:/ProgramData/MATLAB/SupportPackages/R2025b/3P.instrset/gnuarm-armcortex.instrset/win/bin/../lib/gcc/arm-none-eabi/13.2.1/thumb/v7e-m+dp/hard/crtbegin.o
 .text.frame_dummy
                0x08000334       0x24 C:/ProgramData/MATLAB/SupportPackages/R2025b/3P.instrset/gnuarm-armcortex.instrset/win/bin/../lib/gcc/arm-none-eabi/13.2.1/thumb/v7e-m+dp/hard/crtbegin.o
 .text.AccGyrXSim_NED_ecompass
                0x08000358      0x40c AccGyrXSim.c.o
 .text.AccGyrXSi_quaternion_quaternion
                0x08000764      0x130 AccGyrXSim.c.o
 *fill*         0x08000894        0x4 
 .text.AccGyrXSim_imufilter_stepImpl
                0x08000898     0x1bf8 AccGyrXSim.c.o
 .text.rt_atan2d_snf
                0x08002490      0x134 AccGyrXSim.c.o
                0x08002490                rt_atan2d_snf
 *fill*         0x080025c4        0x4 
 .text.AccGyrXSim_step
                0x080025c8      0x790 AccGyrXSim.c.o
                0x080025c8                AccGyrXSim_step
 .text.AccGyrXSim_initialize
                0x08002d58      0x1dc AccGyrXSim.c.o
                0x08002d58                AccGyrXSim_initialize
 .text.AccGyrXSim_terminate
                0x08002f34        0xe AccGyrXSim.c.o
                0x08002f34                AccGyrXSim_terminate
 *fill*         0x08002f42        0x2 
 .text.rt_OneStep
                0x08002f44       0x4c ert_main.c.o
                0x08002f44                rt_OneStep
 .text.main     0x08002f90       0xd4 ert_main.c.o
                0x08002f90                main
 *fill*         0x08003064        0x4 
 .text.rtIsInf  0x08003068       0x48 rt_nonfinite.c.o
                0x08003068                rtIsInf
 .text.rtIsNaN  0x080030b0       0x2e rt_nonfinite.c.o
                0x080030b0                rtIsNaN
 *fill*         0x080030de        0x2 
 .text.PeriphCommonClock_Config
                0x080030e0       0x10 platform_timer.c.o
                0x080030e0                PeriphCommonClock_Config
 .text.__NVIC_SetPriority
                0x080030f0       0x54 SysTickScheduler.c.o
 .text.SysTick_Config
                0x08003144       0x44 SysTickScheduler.c.o
 .text.SysTick_Isr
                0x08003188       0x48 SysTickScheduler.c.o
 .text.SysTick_Handler
                0x080031d0       0x20 SysTickScheduler.c.o
                0x080031d0                SysTick_Handler
 .text.ARMCM_SysTick_Config
                0x080031f0       0xb0 SysTickScheduler.c.o
                0x080031f0                ARMCM_SysTick_Config
 .text.PendSV_Handler
                0x080032a0       0x44 m3m4m4f_multitasking.c.o
                0x080032a0                PendSV_Handler
 .text.SVC_Handler
                0x080032e4       0x58 m3m4m4f_multitasking.c.o
                0x080032e4                SVC_Handler
 .text.LL_GPIO_ResetOutputPin
                0x0800333c       0x1e main.c.o
 *fill*         0x0800335a        0x2 
 .text.LL_AHB4_GRP1_EnableClock
                0x0800335c       0x38 main.c.o
 .text.SystemClock_Config
                0x08003394       0xfc main.c.o
                0x08003394                SystemClock_Config
 .text.MX_SPI1_Init
                0x08003490       0xac main.c.o
                0x08003490                MX_SPI1_Init
 .text.MX_TIM13_Init
                0x0800353c       0x48 main.c.o
                0x0800353c                MX_TIM13_Init
 .text.MX_USART3_UART_Init
                0x08003584       0x98 main.c.o
                0x08003584                MX_USART3_UART_Init
 .text.MX_GPIO_Init
                0x0800361c       0xdc main.c.o
                0x0800361c                MX_GPIO_Init
 .text.HAL_TIM_PeriodElapsedCallback
                0x080036f8       0x24 main.c.o
                0x080036f8                HAL_TIM_PeriodElapsedCallback
 .text.Error_Handler
                0x0800371c        0xc main.c.o
                0x0800371c                Error_Handler
 .text.NMI_Handler
                0x08003728        0x8 stm32h7xx_it.c.o
                0x08003728                NMI_Handler
 .text.HardFault_Handler
                0x08003730        0x8 stm32h7xx_it.c.o
                0x08003730                HardFault_Handler
 .text.MemManage_Handler
                0x08003738        0x8 stm32h7xx_it.c.o
                0x08003738                MemManage_Handler
 .text.BusFault_Handler
                0x08003740        0x8 stm32h7xx_it.c.o
                0x08003740                BusFault_Handler
 .text.UsageFault_Handler
                0x08003748        0x8 stm32h7xx_it.c.o
                0x08003748                UsageFault_Handler
 .text.DebugMon_Handler
                0x08003750        0xe stm32h7xx_it.c.o
                0x08003750                DebugMon_Handler
 *fill*         0x0800375e        0x2 
 .text.TIM1_UP_IRQHandler
                0x08003760       0x14 stm32h7xx_it.c.o
                0x08003760                TIM1_UP_IRQHandler
 .text.TIM8_UP_TIM13_IRQHandler
                0x08003774       0x14 stm32h7xx_it.c.o
                0x08003774                TIM8_UP_TIM13_IRQHandler
 .text.HAL_MspInit
                0x08003788       0x34 stm32h7xx_hal_msp.c.o
                0x08003788                HAL_MspInit
 .text.HAL_SPI_MspInit
                0x080037bc      0x114 stm32h7xx_hal_msp.c.o
                0x080037bc                HAL_SPI_MspInit
 .text.HAL_TIM_Base_MspInit
                0x080038d0       0x50 stm32h7xx_hal_msp.c.o
                0x080038d0                HAL_TIM_Base_MspInit
 .text.HAL_UART_MspInit
                0x08003920       0xcc stm32h7xx_hal_msp.c.o
                0x08003920                HAL_UART_MspInit
 .text.HAL_InitTick
                0x080039ec       0xc0 stm32h7xx_hal_timebase_tim.c.o
                0x080039ec                HAL_InitTick
 .text.LL_GPIO_SetPinMode
                0x08003aac       0x40 stm32h7xx_ll_gpio.c.o
 .text.LL_GPIO_SetPinOutputType
                0x08003aec       0x30 stm32h7xx_ll_gpio.c.o
 .text.LL_GPIO_SetPinSpeed
                0x08003b1c       0x40 stm32h7xx_ll_gpio.c.o
 .text.LL_GPIO_SetPinPull
                0x08003b5c       0x40 stm32h7xx_ll_gpio.c.o
 .text.LL_GPIO_SetAFPin_0_7
                0x08003b9c       0x58 stm32h7xx_ll_gpio.c.o
 .text.LL_GPIO_SetAFPin_8_15
                0x08003bf4       0x6c stm32h7xx_ll_gpio.c.o
 .text.LL_GPIO_Init
                0x08003c60       0xdc stm32h7xx_ll_gpio.c.o
                0x08003c60                LL_GPIO_Init
 .text.__NVIC_SetPriorityGrouping
                0x08003d3c       0x48 stm32h7xx_hal_cortex.c.o
 .text.__NVIC_GetPriorityGrouping
                0x08003d84       0x1c stm32h7xx_hal_cortex.c.o
 .text.__NVIC_EnableIRQ
                0x08003da0       0x3c stm32h7xx_hal_cortex.c.o
 .text.__NVIC_SetPriority
                0x08003ddc       0x54 stm32h7xx_hal_cortex.c.o
 .text.NVIC_EncodePriority
                0x08003e30       0x66 stm32h7xx_hal_cortex.c.o
 .text.HAL_NVIC_SetPriorityGrouping
                0x08003e96       0x16 stm32h7xx_hal_cortex.c.o
                0x08003e96                HAL_NVIC_SetPriorityGrouping
 .text.HAL_NVIC_SetPriority
                0x08003eac       0x34 stm32h7xx_hal_cortex.c.o
                0x08003eac                HAL_NVIC_SetPriority
 .text.HAL_NVIC_EnableIRQ
                0x08003ee0       0x1c stm32h7xx_hal_cortex.c.o
                0x08003ee0                HAL_NVIC_EnableIRQ
 .text.HAL_SPI_Init
                0x08003efc      0x20c stm32h7xx_hal_spi.c.o
                0x08003efc                HAL_SPI_Init
 .text.SPI_GetPacketSize
                0x08004108       0x36 stm32h7xx_hal_spi.c.o
 *fill*         0x0800413e        0x2 
 .text.HAL_RCC_OscConfig
                0x08004140      0x85c stm32h7xx_hal_rcc.c.o
                0x08004140                HAL_RCC_OscConfig
 .text.HAL_RCC_ClockConfig
                0x0800499c      0x36c stm32h7xx_hal_rcc.c.o
                0x0800499c                HAL_RCC_ClockConfig
 .text.HAL_RCC_GetSysClockFreq
                0x08004d08      0x2f4 stm32h7xx_hal_rcc.c.o
                0x08004d08                HAL_RCC_GetSysClockFreq
 .text.HAL_RCC_GetHCLKFreq
                0x08004ffc       0x60 stm32h7xx_hal_rcc.c.o
                0x08004ffc                HAL_RCC_GetHCLKFreq
 .text.HAL_RCC_GetPCLK1Freq
                0x0800505c       0x2c stm32h7xx_hal_rcc.c.o
                0x0800505c                HAL_RCC_GetPCLK1Freq
 .text.HAL_RCC_GetPCLK2Freq
                0x08005088       0x2c stm32h7xx_hal_rcc.c.o
                0x08005088                HAL_RCC_GetPCLK2Freq
 .text.HAL_RCC_GetClockConfig
                0x080050b4       0x84 stm32h7xx_hal_rcc.c.o
                0x080050b4                HAL_RCC_GetClockConfig
 .text.HAL_RCCEx_PeriphCLKConfig
                0x08005138      0xe8c stm32h7xx_hal_rcc_ex.c.o
                0x08005138                HAL_RCCEx_PeriphCLKConfig
 .text.HAL_RCCEx_GetD3PCLK1Freq
                0x08005fc4       0x2c stm32h7xx_hal_rcc_ex.c.o
                0x08005fc4                HAL_RCCEx_GetD3PCLK1Freq
 .text.HAL_RCCEx_GetPLL2ClockFreq
                0x08005ff0      0x2a8 stm32h7xx_hal_rcc_ex.c.o
                0x08005ff0                HAL_RCCEx_GetPLL2ClockFreq
 .text.HAL_RCCEx_GetPLL3ClockFreq
                0x08006298      0x2a8 stm32h7xx_hal_rcc_ex.c.o
                0x08006298                HAL_RCCEx_GetPLL3ClockFreq
 .text.RCCEx_PLL2_Config
                0x08006540      0x164 stm32h7xx_hal_rcc_ex.c.o
 .text.RCCEx_PLL3_Config
                0x080066a4      0x164 stm32h7xx_hal_rcc_ex.c.o
 .text.HAL_GPIO_Init
                0x08006808      0x360 stm32h7xx_hal_gpio.c.o
                0x08006808                HAL_GPIO_Init
 .text.HAL_PWREx_ConfigSupply
                0x08006b68       0x74 stm32h7xx_hal_pwr_ex.c.o
                0x08006b68                HAL_PWREx_ConfigSupply
 .text.HAL_Init
                0x08006bdc       0x78 stm32h7xx_hal.c.o
                0x08006bdc                HAL_Init
 .text.HAL_IncTick
                0x08006c54       0x28 stm32h7xx_hal.c.o
                0x08006c54                HAL_IncTick
 .text.HAL_GetTick
                0x08006c7c       0x18 stm32h7xx_hal.c.o
                0x08006c7c                HAL_GetTick
 .text.HAL_GetREVID
                0x08006c94       0x18 stm32h7xx_hal.c.o
                0x08006c94                HAL_GetREVID
 .text.HAL_TIM_Base_Init
                0x08006cac       0xae stm32h7xx_hal_tim.c.o
                0x08006cac                HAL_TIM_Base_Init
 *fill*         0x08006d5a        0x2 
 .text.HAL_TIM_Base_Start_IT
                0x08006d5c       0xf0 stm32h7xx_hal_tim.c.o
                0x08006d5c                HAL_TIM_Base_Start_IT
 .text.HAL_TIM_IRQHandler
                0x08006e4c      0x23e stm32h7xx_hal_tim.c.o
                0x08006e4c                HAL_TIM_IRQHandler
 .text.HAL_TIM_OC_DelayElapsedCallback
                0x0800708a       0x14 stm32h7xx_hal_tim.c.o
                0x0800708a                HAL_TIM_OC_DelayElapsedCallback
 .text.HAL_TIM_IC_CaptureCallback
                0x0800709e       0x14 stm32h7xx_hal_tim.c.o
                0x0800709e                HAL_TIM_IC_CaptureCallback
 .text.HAL_TIM_PWM_PulseFinishedCallback
                0x080070b2       0x14 stm32h7xx_hal_tim.c.o
                0x080070b2                HAL_TIM_PWM_PulseFinishedCallback
 .text.HAL_TIM_TriggerCallback
                0x080070c6       0x14 stm32h7xx_hal_tim.c.o
                0x080070c6                HAL_TIM_TriggerCallback
 *fill*         0x080070da        0x2 
 .text.TIM_Base_SetConfig
                0x080070dc      0x134 stm32h7xx_hal_tim.c.o
                0x080070dc                TIM_Base_SetConfig
 .text.HAL_TIMEx_CommutCallback
                0x08007210       0x14 stm32h7xx_hal_tim_ex.c.o
                0x08007210                HAL_TIMEx_CommutCallback
 .text.HAL_TIMEx_BreakCallback
                0x08007224       0x14 stm32h7xx_hal_tim_ex.c.o
                0x08007224                HAL_TIMEx_BreakCallback
 .text.HAL_TIMEx_Break2Callback
                0x08007238       0x14 stm32h7xx_hal_tim_ex.c.o
                0x08007238                HAL_TIMEx_Break2Callback
 .text.HAL_UART_Init
                0x0800724c       0xa0 stm32h7xx_hal_uart.c.o
                0x0800724c                HAL_UART_Init
 .text.UART_SetConfig
                0x080072ec      0xad0 stm32h7xx_hal_uart.c.o
                0x080072ec                UART_SetConfig
 .text.UART_AdvFeatureConfig
                0x08007dbc      0x144 stm32h7xx_hal_uart.c.o
                0x08007dbc                UART_AdvFeatureConfig
 .text.UART_CheckIdleState
                0x08007f00       0x96 stm32h7xx_hal_uart.c.o
                0x08007f00                UART_CheckIdleState
 .text.UART_WaitOnFlagUntilTimeout
                0x08007f96      0x190 stm32h7xx_hal_uart.c.o
                0x08007f96                UART_WaitOnFlagUntilTimeout
 .text.HAL_UARTEx_DisableFifoMode
                0x08008126       0x72 stm32h7xx_hal_uart_ex.c.o
                0x08008126                HAL_UARTEx_DisableFifoMode
 .text.HAL_UARTEx_SetTxFifoThreshold
                0x08008198       0x7c stm32h7xx_hal_uart_ex.c.o
                0x08008198                HAL_UARTEx_SetTxFifoThreshold
 .text.HAL_UARTEx_SetRxFifoThreshold
                0x08008214       0x7c stm32h7xx_hal_uart_ex.c.o
                0x08008214                HAL_UARTEx_SetRxFifoThreshold
 .text.UARTEx_SetNbDataToProcess
                0x08008290       0x9c stm32h7xx_hal_uart_ex.c.o
 .text.SystemInit
                0x0800832c      0x110 system_stm32h7xx.c.o
                0x0800832c                SystemInit
 .text.Reset_Handler
                0x0800843c       0x50 startup_stm32h753zitx.s.o
                0x0800843c                Reset_Handler
 .text.Default_Handler
                0x0800848c        0x2 startup_stm32h753zitx.s.o
                0x0800848c                RTC_Alarm_IRQHandler
                0x0800848c                HASH_RNG_IRQHandler
                0x0800848c                EXTI2_IRQHandler
                0x0800848c                TIM8_CC_IRQHandler
                0x0800848c                HRTIM1_Master_IRQHandler
                0x0800848c                UART8_IRQHandler
                0x0800848c                SPI4_IRQHandler
                0x0800848c                TIM1_CC_IRQHandler
                0x0800848c                BDMA_Channel6_IRQHandler
                0x0800848c                DMA2_Stream5_IRQHandler
                0x0800848c                HRTIM1_FLT_IRQHandler
                0x0800848c                JPEG_IRQHandler
                0x0800848c                DMA1_Stream5_IRQHandler
                0x0800848c                BDMA_Channel1_IRQHandler
                0x0800848c                HRTIM1_TIMD_IRQHandler
                0x0800848c                TAMP_STAMP_IRQHandler
                0x0800848c                EXTI3_IRQHandler
                0x0800848c                LPTIM4_IRQHandler
                0x0800848c                TIM8_TRG_COM_TIM14_IRQHandler
                0x0800848c                LPTIM2_IRQHandler
                0x0800848c                DFSDM1_FLT1_IRQHandler
                0x0800848c                DMAMUX2_OVR_IRQHandler
                0x0800848c                I2C3_ER_IRQHandler
                0x0800848c                DFSDM1_FLT2_IRQHandler
                0x0800848c                MDMA_IRQHandler
                0x0800848c                LPTIM3_IRQHandler
                0x0800848c                HSEM1_IRQHandler
                0x0800848c                EXTI0_IRQHandler
                0x0800848c                I2C2_EV_IRQHandler
                0x0800848c                DMA1_Stream2_IRQHandler
                0x0800848c                FPU_IRQHandler
                0x0800848c                OTG_HS_WKUP_IRQHandler
                0x0800848c                FDCAN1_IT1_IRQHandler
                0x0800848c                LTDC_ER_IRQHandler
                0x0800848c                DMA2_Stream2_IRQHandler
                0x0800848c                HRTIM1_TIME_IRQHandler
                0x0800848c                SPI1_IRQHandler
                0x0800848c                TIM6_DAC_IRQHandler
                0x0800848c                DCMI_IRQHandler
                0x0800848c                HRTIM1_TIMC_IRQHandler
                0x0800848c                DMA2_Stream3_IRQHandler
                0x0800848c                SAI2_IRQHandler
                0x0800848c                DFSDM1_FLT3_IRQHandler
                0x0800848c                USART6_IRQHandler
                0x0800848c                TIM17_IRQHandler
                0x0800848c                USART3_IRQHandler
                0x0800848c                BDMA_Channel7_IRQHandler
                0x0800848c                CRYP_IRQHandler
                0x0800848c                LPTIM5_IRQHandler
                0x0800848c                UART5_IRQHandler
                0x0800848c                ADC3_IRQHandler
                0x0800848c                DMA2_Stream0_IRQHandler
                0x0800848c                TIM4_IRQHandler
                0x0800848c                BDMA_Channel2_IRQHandler
                0x0800848c                QUADSPI_IRQHandler
                0x0800848c                I2C1_EV_IRQHandler
                0x0800848c                DMA1_Stream6_IRQHandler
                0x0800848c                DMAMUX1_OVR_IRQHandler
                0x0800848c                DMA1_Stream1_IRQHandler
                0x0800848c                TIM16_IRQHandler
                0x0800848c                UART4_IRQHandler
                0x0800848c                BDMA_Channel5_IRQHandler
                0x0800848c                TIM3_IRQHandler
                0x0800848c                RCC_IRQHandler
                0x0800848c                TIM8_BRK_TIM12_IRQHandler
                0x0800848c                TIM1_TRG_COM_IRQHandler
                0x0800848c                Default_Handler
                0x0800848c                ECC_IRQHandler
                0x0800848c                CEC_IRQHandler
                0x0800848c                EXTI15_10_IRQHandler
                0x0800848c                BDMA_Channel0_IRQHandler
                0x0800848c                ADC_IRQHandler
                0x0800848c                DMA1_Stream7_IRQHandler
                0x0800848c                HRTIM1_TIMA_IRQHandler
                0x0800848c                SPI5_IRQHandler
                0x0800848c                TIM7_IRQHandler
                0x0800848c                SDMMC1_IRQHandler
                0x0800848c                TIM5_IRQHandler
                0x0800848c                DMA2_Stream7_IRQHandler
                0x0800848c                TIM15_IRQHandler
                0x0800848c                PVD_AVD_IRQHandler
                0x0800848c                I2C3_EV_IRQHandler
                0x0800848c                EXTI9_5_IRQHandler
                0x0800848c                RTC_WKUP_IRQHandler
                0x0800848c                LTDC_IRQHandler
                0x0800848c                SAI3_IRQHandler
                0x0800848c                ETH_WKUP_IRQHandler
                0x0800848c                SPDIF_RX_IRQHandler
                0x0800848c                SPI2_IRQHandler
                0x0800848c                OTG_HS_EP1_IN_IRQHandler
                0x0800848c                DMA1_Stream0_IRQHandler
                0x0800848c                CRS_IRQHandler
                0x0800848c                EXTI4_IRQHandler
                0x0800848c                HRTIM1_TIMB_IRQHandler
                0x0800848c                FDCAN2_IT1_IRQHandler
                0x0800848c                ETH_IRQHandler
                0x0800848c                BDMA_Channel4_IRQHandler
                0x0800848c                OTG_HS_EP1_OUT_IRQHandler
                0x0800848c                WWDG_IRQHandler
                0x0800848c                SPI6_IRQHandler
                0x0800848c                MDIOS_IRQHandler
                0x0800848c                I2C4_EV_IRQHandler
                0x0800848c                FDCAN2_IT0_IRQHandler
                0x0800848c                LPUART1_IRQHandler
                0x0800848c                FDCAN1_IT0_IRQHandler
                0x0800848c                TIM2_IRQHandler
                0x0800848c                OTG_FS_WKUP_IRQHandler
                0x0800848c                OTG_HS_IRQHandler
                0x0800848c                DMA2D_IRQHandler
                0x0800848c                TIM1_BRK_IRQHandler
                0x0800848c                EXTI1_IRQHandler
                0x0800848c                SDMMC2_IRQHandler
                0x0800848c                OTG_FS_EP1_OUT_IRQHandler
                0x0800848c                BDMA_Channel3_IRQHandler
                0x0800848c                UART7_IRQHandler
                0x0800848c                MDIOS_WKUP_IRQHandler
                0x0800848c                USART2_IRQHandler
                0x0800848c                DFSDM1_FLT0_IRQHandler
                0x0800848c                SAI4_IRQHandler
                0x0800848c                I2C2_ER_IRQHandler
                0x0800848c                DMA2_Stream1_IRQHandler
                0x0800848c                FLASH_IRQHandler
                0x0800848c                DMA2_Stream4_IRQHandler
                0x0800848c                USART1_IRQHandler
                0x0800848c                OTG_FS_IRQHandler
                0x0800848c                SPI3_IRQHandler
                0x0800848c                WAKEUP_PIN_IRQHandler
                0x0800848c                DMA1_Stream4_IRQHandler
                0x0800848c                OTG_FS_EP1_IN_IRQHandler
                0x0800848c                I2C1_ER_IRQHandler
                0x0800848c                FMC_IRQHandler
                0x0800848c                FDCAN_CAL_IRQHandler
                0x0800848c                SWPMI1_IRQHandler
                0x0800848c                COMP1_IRQHandler
                0x0800848c                LPTIM1_IRQHandler
                0x0800848c                I2C4_ER_IRQHandler
                0x0800848c                DMA2_Stream6_IRQHandler
                0x0800848c                SAI1_IRQHandler
                0x0800848c                DMA1_Stream3_IRQHandler
 *fill*         0x0800848e        0x2 
 .text.asin     0x08008490       0x58 C:/ProgramData/MATLAB/SupportPackages/R2025b/3P.instrset/gnuarm-armcortex.instrset/win/bin/../lib/gcc/arm-none-eabi/13.2.1/thumb/v7e-m+dp/hard\libm.a(libm_a-w_asin.o)
                0x08008490                asin
 .text.atan2    0x080084e8        0x4 C:/ProgramData/MATLAB/SupportPackages/R2025b/3P.instrset/gnuarm-armcortex.instrset/win/bin/../lib/gcc/arm-none-eabi/13.2.1/thumb/v7e-m+dp/hard\libm.a(libm_a-w_atan2.o)
                0x080084e8                atan2
 *fill*         0x080084ec        0x4 
 .text.fmod     0x080084f0       0x50 C:/ProgramData/MATLAB/SupportPackages/R2025b/3P.instrset/gnuarm-armcortex.instrset/win/bin/../lib/gcc/arm-none-eabi/13.2.1/thumb/v7e-m+dp/hard\libm.a(libm_a-w_fmod.o)
                0x080084f0                fmod
 .text.sqrt     0x08008540       0x48 C:/ProgramData/MATLAB/SupportPackages/R2025b/3P.instrset/gnuarm-armcortex.instrset/win/bin/../lib/gcc/arm-none-eabi/13.2.1/thumb/v7e-m+dp/hard\libm.a(libm_a-w_sqrt.o)
                0x08008540                sqrt
 .text.cos      0x08008588       0x80 C:/ProgramData/MATLAB/SupportPackages/R2025b/3P.instrset/gnuarm-armcortex.instrset/win/bin/../lib/gcc/arm-none-eabi/13.2.1/thumb/v7e-m+dp/hard\libm.a(libm_a-s_cos.o)
                0x08008588                cos
 .text.fabs     0x08008608       0x10 C:/ProgramData/MATLAB/SupportPackages/R2025b/3P.instrset/gnuarm-armcortex.instrset/win/bin/../lib/gcc/arm-none-eabi/13.2.1/thumb/v7e-m+dp/hard\libm.a(libm_a-s_fabs.o)
                0x08008608                fabs
 .text.sin      0x08008618       0x80 C:/ProgramData/MATLAB/SupportPackages/R2025b/3P.instrset/gnuarm-armcortex.instrset/win/bin/../lib/gcc/arm-none-eabi/13.2.1/thumb/v7e-m+dp/hard\libm.a(libm_a-s_sin.o)
                0x08008618                sin
 .text.nan      0x08008698       0x10 C:/ProgramData/MATLAB/SupportPackages/R2025b/3P.instrset/gnuarm-armcortex.instrset/win/bin/../lib/gcc/arm-none-eabi/13.2.1/thumb/v7e-m+dp/hard\libm.a(libm_a-s_nan.o)
                0x08008698                nan
 .text.__ieee754_sqrt
                0x080086a8        0x8 C:/ProgramData/MATLAB/SupportPackages/R2025b/3P.instrset/gnuarm-armcortex.instrset/win/bin/../lib/gcc/arm-none-eabi/13.2.1/thumb/v7e-m+dp/hard\libm.a(libm_a-e_sqrt.o)
                0x080086a8                __ieee754_sqrt
 .text.__kernel_cos
                0x080086b0      0x130 C:/ProgramData/MATLAB/SupportPackages/R2025b/3P.instrset/gnuarm-armcortex.instrset/win/bin/../lib/gcc/arm-none-eabi/13.2.1/thumb/v7e-m+dp/hard\libm.a(libm_a-k_cos.o)
                0x080086b0                __kernel_cos
 .text.__kernel_sin
                0x080087e0       0xb0 C:/ProgramData/MATLAB/SupportPackages/R2025b/3P.instrset/gnuarm-armcortex.instrset/win/bin/../lib/gcc/arm-none-eabi/13.2.1/thumb/v7e-m+dp/hard\libm.a(libm_a-k_sin.o)
                0x080087e0                __kernel_sin
 .text.__ieee754_asin
                0x08008890      0x24c C:/ProgramData/MATLAB/SupportPackages/R2025b/3P.instrset/gnuarm-armcortex.instrset/win/bin/../lib/gcc/arm-none-eabi/13.2.1/thumb/v7e-m+dp/hard\libm.a(libm_a-e_asin.o)
                0x08008890                __ieee754_asin
 *fill*         0x08008adc        0x4 
 .text.__ieee754_atan2
                0x08008ae0      0x19c C:/ProgramData/MATLAB/SupportPackages/R2025b/3P.instrset/gnuarm-armcortex.instrset/win/bin/../lib/gcc/arm-none-eabi/13.2.1/thumb/v7e-m+dp/hard\libm.a(libm_a-e_atan2.o)
                0x08008ae0                __ieee754_atan2
 .text.__ieee754_fmod
                0x08008c7c      0x308 C:/ProgramData/MATLAB/SupportPackages/R2025b/3P.instrset/gnuarm-armcortex.instrset/win/bin/../lib/gcc/arm-none-eabi/13.2.1/thumb/v7e-m+dp/hard\libm.a(libm_a-e_fmod.o)
                0x08008c7c                __ieee754_fmod
 *fill*         0x08008f84        0x4 
 .text.__ieee754_rem_pio2
                0x08008f88      0x29c C:/ProgramData/MATLAB/SupportPackages/R2025b/3P.instrset/gnuarm-armcortex.instrset/win/bin/../lib/gcc/arm-none-eabi/13.2.1/thumb/v7e-m+dp/hard\libm.a(libm_a-e_rem_pio2.o)
                0x08008f88                __ieee754_rem_pio2
 *fill*         0x08009224        0x4 
 .text.atan     0x08009228      0x204 C:/ProgramData/MATLAB/SupportPackages/R2025b/3P.instrset/gnuarm-armcortex.instrset/win/bin/../lib/gcc/arm-none-eabi/13.2.1/thumb/v7e-m+dp/hard\libm.a(libm_a-s_atan.o)
                0x08009228                atan
 *fill*         0x0800942c        0x4 
 .text.__kernel_rem_pio2
                0x08009430      0x678 C:/ProgramData/MATLAB/SupportPackages/R2025b/3P.instrset/gnuarm-armcortex.instrset/win/bin/../lib/gcc/arm-none-eabi/13.2.1/thumb/v7e-m+dp/hard\libm.a(libm_a-k_rem_pio2.o)
                0x08009430                __kernel_rem_pio2
 .text.scalbn   0x08009aa8      0x104 C:/ProgramData/MATLAB/SupportPackages/R2025b/3P.instrset/gnuarm-armcortex.instrset/win/bin/../lib/gcc/arm-none-eabi/13.2.1/thumb/v7e-m+dp/hard\libm.a(libm_a-s_scalbn.o)
                0x08009aa8                scalbn
 *fill*         0x08009bac        0x4 
 .text.floor    0x08009bb0      0x118 C:/ProgramData/MATLAB/SupportPackages/R2025b/3P.instrset/gnuarm-armcortex.instrset/win/bin/../lib/gcc/arm-none-eabi/13.2.1/thumb/v7e-m+dp/hard\libm.a(libm_a-s_floor.o)
                0x08009bb0                floor
 .text.__udivmoddi4
                0x08009cc8      0x2bc C:/ProgramData/MATLAB/SupportPackages/R2025b/3P.instrset/gnuarm-armcortex.instrset/win/bin/../lib/gcc/arm-none-eabi/13.2.1/thumb/v7e-m+dp/hard\libgcc.a(_udivmoddi4.o)
                0x08009cc8                __udivmoddi4
 .text.memset   0x08009f84       0x10 C:/ProgramData/MATLAB/SupportPackages/R2025b/3P.instrset/gnuarm-armcortex.instrset/win/bin/../lib/gcc/arm-none-eabi/13.2.1/thumb/v7e-m+dp/hard\libg_nano.a(libc_a-memset.o)
                0x08009f84                memset
 .text.__errno  0x08009f94        0xc C:/ProgramData/MATLAB/SupportPackages/R2025b/3P.instrset/gnuarm-armcortex.instrset/win/bin/../lib/gcc/arm-none-eabi/13.2.1/thumb/v7e-m+dp/hard\libg_nano.a(libc_a-errno.o)
                0x08009f94                __errno
 .text.__libc_init_array
                0x08009fa0       0x48 C:/ProgramData/MATLAB/SupportPackages/R2025b/3P.instrset/gnuarm-armcortex.instrset/win/bin/../lib/gcc/arm-none-eabi/13.2.1/thumb/v7e-m+dp/hard\libg_nano.a(libc_a-init.o)
                0x08009fa0                __libc_init_array
 .text.memcpy   0x08009fe8       0x1c C:/ProgramData/MATLAB/SupportPackages/R2025b/3P.instrset/gnuarm-armcortex.instrset/win/bin/../lib/gcc/arm-none-eabi/13.2.1/thumb/v7e-m+dp/hard\libg_nano.a(libc_a-memcpy-stub.o)
                0x08009fe8                memcpy
 *(.glue_7)
 .glue_7        0x0800a004        0x0 linker stubs
 *(.glue_7t)
 .glue_7t       0x0800a004        0x0 linker stubs
 *(.eh_frame)
 .eh_frame      0x0800a004        0x0 C:/ProgramData/MATLAB/SupportPackages/R2025b/3P.instrset/gnuarm-armcortex.instrset/win/bin/../lib/gcc/arm-none-eabi/13.2.1/thumb/v7e-m+dp/hard/crtbegin.o
 *(.init)
 .init          0x0800a004        0x4 C:/ProgramData/MATLAB/SupportPackages/R2025b/3P.instrset/gnuarm-armcortex.instrset/win/bin/../lib/gcc/arm-none-eabi/13.2.1/thumb/v7e-m+dp/hard/crti.o
                0x0800a004                _init
 .init          0x0800a008        0x8 C:/ProgramData/MATLAB/SupportPackages/R2025b/3P.instrset/gnuarm-armcortex.instrset/win/bin/../lib/gcc/arm-none-eabi/13.2.1/thumb/v7e-m+dp/hard/crtn.o
 *(.fini)
 .fini          0x0800a010        0x4 C:/ProgramData/MATLAB/SupportPackages/R2025b/3P.instrset/gnuarm-armcortex.instrset/win/bin/../lib/gcc/arm-none-eabi/13.2.1/thumb/v7e-m+dp/hard/crti.o
                0x0800a010                _fini
 .fini          0x0800a014        0x8 C:/ProgramData/MATLAB/SupportPackages/R2025b/3P.instrset/gnuarm-armcortex.instrset/win/bin/../lib/gcc/arm-none-eabi/13.2.1/thumb/v7e-m+dp/hard/crtn.o
                0x0800a01c                        . = ALIGN (0x4)
                0x0800a01c                        _etext = .

.vfp11_veneer   0x0800a01c        0x0
 .vfp11_veneer  0x0800a01c        0x0 linker stubs

.v4_bx          0x0800a01c        0x0
 .v4_bx         0x0800a01c        0x0 linker stubs

.iplt           0x0800a01c        0x0
 .iplt          0x0800a01c        0x0 C:/ProgramData/MATLAB/SupportPackages/R2025b/3P.instrset/gnuarm-armcortex.instrset/win/bin/../lib/gcc/arm-none-eabi/13.2.1/thumb/v7e-m+dp/hard/crtbegin.o

.rodata         0x0800a020      0x550
                0x0800a020                        . = ALIGN (0x4)
 *(.rodata)
 *(.rodata*)
 .rodata.AccGyrXSim_M
                0x0800a020        0x4 AccGyrXSim.c.o
                0x0800a020                AccGyrXSim_M
 *fill*         0x0800a024        0x4 
 .rodata.tmp.2  0x0800a028       0x18 AccGyrXSim.c.o
 .rodata.tmp_0.1
                0x0800a040        0x9 AccGyrXSim.c.o
 *fill*         0x0800a049        0x7 
 .rodata.tmp.0  0x0800a050      0x288 AccGyrXSim.c.o
 .rodata.UARTPrescTable
                0x0800a2d8       0x18 stm32h7xx_hal_uart.c.o
                0x0800a2d8                UARTPrescTable
 .rodata.numerator.1
                0x0800a2f0        0x8 stm32h7xx_hal_uart_ex.c.o
 .rodata.denominator.0
                0x0800a2f8        0x8 stm32h7xx_hal_uart_ex.c.o
 .rodata.D1CorePrescTable
                0x0800a300       0x10 system_stm32h7xx.c.o
                0x0800a300                D1CorePrescTable
 .rodata.asin.str1.4
                0x0800a310        0x1 C:/ProgramData/MATLAB/SupportPackages/R2025b/3P.instrset/gnuarm-armcortex.instrset/win/bin/../lib/gcc/arm-none-eabi/13.2.1/thumb/v7e-m+dp/hard\libm.a(libm_a-w_asin.o)
 *fill*         0x0800a311        0x7 
 .rodata.CSWTCH.9
                0x0800a318       0x18 C:/ProgramData/MATLAB/SupportPackages/R2025b/3P.instrset/gnuarm-armcortex.instrset/win/bin/../lib/gcc/arm-none-eabi/13.2.1/thumb/v7e-m+dp/hard\libm.a(libm_a-e_atan2.o)
 .rodata.CSWTCH.8
                0x0800a330       0x18 C:/ProgramData/MATLAB/SupportPackages/R2025b/3P.instrset/gnuarm-armcortex.instrset/win/bin/../lib/gcc/arm-none-eabi/13.2.1/thumb/v7e-m+dp/hard\libm.a(libm_a-e_atan2.o)
 .rodata.Zero   0x0800a348       0x10 C:/ProgramData/MATLAB/SupportPackages/R2025b/3P.instrset/gnuarm-armcortex.instrset/win/bin/../lib/gcc/arm-none-eabi/13.2.1/thumb/v7e-m+dp/hard\libm.a(libm_a-e_fmod.o)
 .rodata.npio2_hw
                0x0800a358       0x80 C:/ProgramData/MATLAB/SupportPackages/R2025b/3P.instrset/gnuarm-armcortex.instrset/win/bin/../lib/gcc/arm-none-eabi/13.2.1/thumb/v7e-m+dp/hard\libm.a(libm_a-e_rem_pio2.o)
 .rodata.two_over_pi
                0x0800a3d8      0x108 C:/ProgramData/MATLAB/SupportPackages/R2025b/3P.instrset/gnuarm-armcortex.instrset/win/bin/../lib/gcc/arm-none-eabi/13.2.1/thumb/v7e-m+dp/hard\libm.a(libm_a-e_rem_pio2.o)
 .rodata.atanlo
                0x0800a4e0       0x20 C:/ProgramData/MATLAB/SupportPackages/R2025b/3P.instrset/gnuarm-armcortex.instrset/win/bin/../lib/gcc/arm-none-eabi/13.2.1/thumb/v7e-m+dp/hard\libm.a(libm_a-s_atan.o)
 .rodata.atanhi
                0x0800a500       0x20 C:/ProgramData/MATLAB/SupportPackages/R2025b/3P.instrset/gnuarm-armcortex.instrset/win/bin/../lib/gcc/arm-none-eabi/13.2.1/thumb/v7e-m+dp/hard\libm.a(libm_a-s_atan.o)
 .rodata.PIo2   0x0800a520       0x40 C:/ProgramData/MATLAB/SupportPackages/R2025b/3P.instrset/gnuarm-armcortex.instrset/win/bin/../lib/gcc/arm-none-eabi/13.2.1/thumb/v7e-m+dp/hard\libm.a(libm_a-k_rem_pio2.o)
 .rodata.init_jk
                0x0800a560       0x10 C:/ProgramData/MATLAB/SupportPackages/R2025b/3P.instrset/gnuarm-armcortex.instrset/win/bin/../lib/gcc/arm-none-eabi/13.2.1/thumb/v7e-m+dp/hard\libm.a(libm_a-k_rem_pio2.o)
                0x0800a570                        . = ALIGN (0x4)

.ARM.extab
 *(.ARM.extab* .gnu.linkonce.armextab.*)

.ARM            0x0800a570        0x8
                0x0800a570                        __exidx_start = .
 *(.ARM.exidx*)
 .ARM.exidx.text.__udivmoddi4
                0x0800a570        0x8 C:/ProgramData/MATLAB/SupportPackages/R2025b/3P.instrset/gnuarm-armcortex.instrset/win/bin/../lib/gcc/arm-none-eabi/13.2.1/thumb/v7e-m+dp/hard\libgcc.a(_udivmoddi4.o)
                0x0800a578                        __exidx_end = .

.rel.dyn        0x0800a578        0x0
 .rel.iplt      0x0800a578        0x0 C:/ProgramData/MATLAB/SupportPackages/R2025b/3P.instrset/gnuarm-armcortex.instrset/win/bin/../lib/gcc/arm-none-eabi/13.2.1/thumb/v7e-m+dp/hard/crtbegin.o

.preinit_array  0x0800a578        0x0
                0x0800a578                        PROVIDE (__preinit_array_start = .)
 *(.preinit_array*)
                0x0800a578                        PROVIDE (__preinit_array_end = .)

.init_array     0x0800a578        0x4
                0x0800a578                        PROVIDE (__init_array_start = .)
 *(SORT_BY_NAME(.init_array.*))
 *(.init_array*)
 .init_array    0x0800a578        0x4 C:/ProgramData/MATLAB/SupportPackages/R2025b/3P.instrset/gnuarm-armcortex.instrset/win/bin/../lib/gcc/arm-none-eabi/13.2.1/thumb/v7e-m+dp/hard/crtbegin.o
                0x0800a57c                        PROVIDE (__init_array_end = .)

.fini_array     0x0800a57c        0x4
                [!provide]                        PROVIDE (__fini_array_start = .)
 *(SORT_BY_NAME(.fini_array.*))
 *(.fini_array*)
 .fini_array    0x0800a57c        0x4 C:/ProgramData/MATLAB/SupportPackages/R2025b/3P.instrset/gnuarm-armcortex.instrset/win/bin/../lib/gcc/arm-none-eabi/13.2.1/thumb/v7e-m+dp/hard/crtbegin.o
                [!provide]                        PROVIDE (__fini_array_end = .)
                0x0800a580                        _sidata = LOADADDR (.data)

.data           0x24000000       0x68 load address 0x0800a580
                0x24000000                        . = ALIGN (0x4)
                0x24000000                        _sdata = .
 *(.data)
 *(.data*)
 .data.rtNaN    0x24000000        0x8 rt_nonfinite.c.o
                0x24000000                rtNaN
 .data.uwTickPrio
                0x24000008        0x4 stm32h7xx_hal.c.o
                0x24000008                uwTickPrio
 .data.uwTickFreq
                0x2400000c        0x1 stm32h7xx_hal.c.o
                0x2400000c                uwTickFreq
 *fill*         0x2400000d        0x3 
 .data.SystemCoreClock
                0x24000010        0x4 system_stm32h7xx.c.o
                0x24000010                SystemCoreClock
 .data.SystemD2Clock
                0x24000014        0x4 system_stm32h7xx.c.o
                0x24000014                SystemD2Clock
 .data._impure_ptr
                0x24000018        0x4 C:/ProgramData/MATLAB/SupportPackages/R2025b/3P.instrset/gnuarm-armcortex.instrset/win/bin/../lib/gcc/arm-none-eabi/13.2.1/thumb/v7e-m+dp/hard\libg_nano.a(libc_a-impure.o)
                0x24000018                _impure_ptr
 .data._impure_data
                0x2400001c       0x4c C:/ProgramData/MATLAB/SupportPackages/R2025b/3P.instrset/gnuarm-armcortex.instrset/win/bin/../lib/gcc/arm-none-eabi/13.2.1/thumb/v7e-m+dp/hard\libg_nano.a(libc_a-impure.o)
                0x2400001c                _impure_data
 *(.RamFunc)
 *(.RamFunc*)
                0x24000068                        . = ALIGN (0x4)
                0x24000068                        _edata = .

.tm_clone_table
                0x24000068        0x0 load address 0x0800a5e8
 .tm_clone_table
                0x24000068        0x0 C:/ProgramData/MATLAB/SupportPackages/R2025b/3P.instrset/gnuarm-armcortex.instrset/win/bin/../lib/gcc/arm-none-eabi/13.2.1/thumb/v7e-m+dp/hard/crtbegin.o
 .tm_clone_table
                0x24000068        0x0 C:/ProgramData/MATLAB/SupportPackages/R2025b/3P.instrset/gnuarm-armcortex.instrset/win/bin/../lib/gcc/arm-none-eabi/13.2.1/thumb/v7e-m+dp/hard/crtend.o

.igot.plt       0x24000068        0x0 load address 0x0800a5e8
 .igot.plt      0x24000068        0x0 C:/ProgramData/MATLAB/SupportPackages/R2025b/3P.instrset/gnuarm-armcortex.instrset/win/bin/../lib/gcc/arm-none-eabi/13.2.1/thumb/v7e-m+dp/hard/crtbegin.o
                0x24000068                        . = ALIGN (0x4)

.bss            0x24000068      0xdc4 load address 0x0800a5e8
                0x24000068                        _sbss = .
                0x24000068                        __bss_start__ = _sbss
 *(.bss)
 *(.bss*)
 .bss.completed.1
                0x24000068        0x1 C:/ProgramData/MATLAB/SupportPackages/R2025b/3P.instrset/gnuarm-armcortex.instrset/win/bin/../lib/gcc/arm-none-eabi/13.2.1/thumb/v7e-m+dp/hard/crtbegin.o
 *fill*         0x24000069        0x3 
 .bss.object.0  0x2400006c       0x18 C:/ProgramData/MATLAB/SupportPackages/R2025b/3P.instrset/gnuarm-armcortex.instrset/win/bin/../lib/gcc/arm-none-eabi/13.2.1/thumb/v7e-m+dp/hard/crtbegin.o
 *fill*         0x24000084        0x4 
 .bss.AccGyrXSim_B
                0x24000088      0x6c0 AccGyrXSim.c.o
                0x24000088                AccGyrXSim_B
 .bss.AccGyrXSim_DW
                0x24000748      0x380 AccGyrXSim.c.o
                0x24000748                AccGyrXSim_DW
 .bss.AccGyrXSim_U
                0x24000ac8       0x30 AccGyrXSim.c.o
                0x24000ac8                AccGyrXSim_U
 .bss.AccGyrXSim_Y
                0x24000af8       0x30 AccGyrXSim.c.o
                0x24000af8                AccGyrXSim_Y
 .bss.AccGyrXSim_M_
                0x24000b28        0x4 AccGyrXSim.c.o
 .bss.IsrOverrun
                0x24000b2c        0x4 ert_main.c.o
                0x24000b2c                IsrOverrun
 .bss.OverrunFlag
                0x24000b30        0x1 ert_main.c.o
 .bss.stopRequested
                0x24000b31        0x1 ert_main.c.o
                0x24000b31                stopRequested
 .bss.runModel  0x24000b32        0x1 ert_main.c.o
                0x24000b32                runModel
 *fill*         0x24000b33        0x1 
 .bss.schdl_counter
                0x24000b34        0x4 SysTickScheduler.c.o
                0x24000b34                schdl_counter
 .bss.schdl_counter_max
                0x24000b38        0x4 SysTickScheduler.c.o
                0x24000b38                schdl_counter_max
 .bss.taskToSchedule
                0x24000b3c        0x4 m3m4m4f_multitasking.c.o
                0x24000b3c                taskToSchedule
 .bss.hspi1     0x24000b40       0x88 main.c.o
                0x24000b40                hspi1
 .bss.htim13    0x24000bc8       0x4c main.c.o
                0x24000bc8                htim13
 .bss.huart3    0x24000c14       0x90 main.c.o
                0x24000c14                huart3
 .bss.htim1     0x24000ca4       0x4c stm32h7xx_hal_timebase_tim.c.o
                0x24000ca4                htim1
 .bss.uwTick    0x24000cf0        0x4 stm32h7xx_hal.c.o
                0x24000cf0                uwTick
 .bss.__sf      0x24000cf4      0x138 C:/ProgramData/MATLAB/SupportPackages/R2025b/3P.instrset/gnuarm-armcortex.instrset/win/bin/../lib/gcc/arm-none-eabi/13.2.1/thumb/v7e-m+dp/hard\libg_nano.a(libc_a-findfp.o)
                0x24000cf4                __sf
 *(COMMON)
                0x24000e2c                        . = ALIGN (0x4)
                0x24000e2c                        _ebss = .
                0x24000e2c                        __bss_end__ = _ebss

._user_heap_stack
                0x24000e2c      0x604 load address 0x0800a5e8
                0x24000e30                        . = ALIGN (0x8)
 *fill*         0x24000e2c        0x4 
                [!provide]                        PROVIDE (end = .)
                0x24000e30                        PROVIDE (_end = .)
                0x24001030                        . = (. + _Min_Heap_Size)
 *fill*         0x24000e30      0x200 
                0x24001430                        . = (. + _Min_Stack_Size)
 *fill*         0x24001030      0x400 
                0x24001430                        . = ALIGN (0x8)

/DISCARD/
 libc.a(*)
 libm.a(*)
 libgcc.a(*)

.ARM.attributes
                0x00000000       0x2e
 *(.ARM.attributes)
 .ARM.attributes
                0x00000000       0x20 C:/ProgramData/MATLAB/SupportPackages/R2025b/3P.instrset/gnuarm-armcortex.instrset/win/bin/../lib/gcc/arm-none-eabi/13.2.1/thumb/v7e-m+dp/hard/crti.o
 .ARM.attributes
                0x00000020       0x32 C:/ProgramData/MATLAB/SupportPackages/R2025b/3P.instrset/gnuarm-armcortex.instrset/win/bin/../lib/gcc/arm-none-eabi/13.2.1/thumb/v7e-m+dp/hard/crtbegin.o
 .ARM.attributes
                0x00000052       0x32 AccGyrXSim.c.o
 .ARM.attributes
                0x00000084       0x32 ert_main.c.o
 .ARM.attributes
                0x000000b6       0x32 rt_nonfinite.c.o
 .ARM.attributes
                0x000000e8       0x32 platform_timer.c.o
 .ARM.attributes
                0x0000011a       0x32 SysTickScheduler.c.o
 .ARM.attributes
                0x0000014c       0x32 m3m4m4f_multitasking.c.o
 .ARM.attributes
                0x0000017e       0x32 main.c.o
 .ARM.attributes
                0x000001b0       0x32 stm32h7xx_it.c.o
 .ARM.attributes
                0x000001e2       0x32 stm32h7xx_hal_msp.c.o
 .ARM.attributes
                0x00000214       0x32 stm32h7xx_hal_timebase_tim.c.o
 .ARM.attributes
                0x00000246       0x32 stm32h7xx_ll_gpio.c.o
 .ARM.attributes
                0x00000278       0x32 stm32h7xx_hal_cortex.c.o
 .ARM.attributes
                0x000002aa       0x32 stm32h7xx_hal_spi.c.o
 .ARM.attributes
                0x000002dc       0x32 stm32h7xx_hal_rcc.c.o
 .ARM.attributes
                0x0000030e       0x32 stm32h7xx_hal_rcc_ex.c.o
 .ARM.attributes
                0x00000340       0x32 stm32h7xx_hal_gpio.c.o
 .ARM.attributes
                0x00000372       0x32 stm32h7xx_hal_pwr_ex.c.o
 .ARM.attributes
                0x000003a4       0x32 stm32h7xx_hal.c.o
 .ARM.attributes
                0x000003d6       0x32 stm32h7xx_hal_tim.c.o
 .ARM.attributes
                0x00000408       0x32 stm32h7xx_hal_tim_ex.c.o
 .ARM.attributes
                0x0000043a       0x32 stm32h7xx_hal_uart.c.o
 .ARM.attributes
                0x0000046c       0x32 stm32h7xx_hal_uart_ex.c.o
 .ARM.attributes
                0x0000049e       0x32 system_stm32h7xx.c.o
 .ARM.attributes
                0x000004d0       0x21 startup_stm32h753zitx.s.o
 .ARM.attributes
                0x000004f1       0x32 C:/ProgramData/MATLAB/SupportPackages/R2025b/3P.instrset/gnuarm-armcortex.instrset/win/bin/../lib/gcc/arm-none-eabi/13.2.1/thumb/v7e-m+dp/hard\libm.a(libm_a-w_asin.o)
 .ARM.attributes
                0x00000523       0x32 C:/ProgramData/MATLAB/SupportPackages/R2025b/3P.instrset/gnuarm-armcortex.instrset/win/bin/../lib/gcc/arm-none-eabi/13.2.1/thumb/v7e-m+dp/hard\libm.a(libm_a-w_atan2.o)
 .ARM.attributes
                0x00000555       0x32 C:/ProgramData/MATLAB/SupportPackages/R2025b/3P.instrset/gnuarm-armcortex.instrset/win/bin/../lib/gcc/arm-none-eabi/13.2.1/thumb/v7e-m+dp/hard\libm.a(libm_a-w_fmod.o)
 .ARM.attributes
                0x00000587       0x32 C:/ProgramData/MATLAB/SupportPackages/R2025b/3P.instrset/gnuarm-armcortex.instrset/win/bin/../lib/gcc/arm-none-eabi/13.2.1/thumb/v7e-m+dp/hard\libm.a(libm_a-w_sqrt.o)
 .ARM.attributes
                0x000005b9       0x32 C:/ProgramData/MATLAB/SupportPackages/R2025b/3P.instrset/gnuarm-armcortex.instrset/win/bin/../lib/gcc/arm-none-eabi/13.2.1/thumb/v7e-m+dp/hard\libm.a(libm_a-s_cos.o)
 .ARM.attributes
                0x000005eb       0x32 C:/ProgramData/MATLAB/SupportPackages/R2025b/3P.instrset/gnuarm-armcortex.instrset/win/bin/../lib/gcc/arm-none-eabi/13.2.1/thumb/v7e-m+dp/hard\libm.a(libm_a-s_fabs.o)
 .ARM.attributes
                0x0000061d       0x32 C:/ProgramData/MATLAB/SupportPackages/R2025b/3P.instrset/gnuarm-armcortex.instrset/win/bin/../lib/gcc/arm-none-eabi/13.2.1/thumb/v7e-m+dp/hard\libm.a(libm_a-s_sin.o)
 .ARM.attributes
                0x0000064f       0x32 C:/ProgramData/MATLAB/SupportPackages/R2025b/3P.instrset/gnuarm-armcortex.instrset/win/bin/../lib/gcc/arm-none-eabi/13.2.1/thumb/v7e-m+dp/hard\libm.a(libm_a-s_nan.o)
 .ARM.attributes
                0x00000681       0x32 C:/ProgramData/MATLAB/SupportPackages/R2025b/3P.instrset/gnuarm-armcortex.instrset/win/bin/../lib/gcc/arm-none-eabi/13.2.1/thumb/v7e-m+dp/hard\libm.a(libm_a-e_sqrt.o)
 .ARM.attributes
                0x000006b3       0x32 C:/ProgramData/MATLAB/SupportPackages/R2025b/3P.instrset/gnuarm-armcortex.instrset/win/bin/../lib/gcc/arm-none-eabi/13.2.1/thumb/v7e-m+dp/hard\libm.a(libm_a-k_cos.o)
 .ARM.attributes
                0x000006e5       0x32 C:/ProgramData/MATLAB/SupportPackages/R2025b/3P.instrset/gnuarm-armcortex.instrset/win/bin/../lib/gcc/arm-none-eabi/13.2.1/thumb/v7e-m+dp/hard\libm.a(libm_a-k_sin.o)
 .ARM.attributes
                0x00000717       0x32 C:/ProgramData/MATLAB/SupportPackages/R2025b/3P.instrset/gnuarm-armcortex.instrset/win/bin/../lib/gcc/arm-none-eabi/13.2.1/thumb/v7e-m+dp/hard\libm.a(libm_a-e_asin.o)
 .ARM.attributes
                0x00000749       0x32 C:/ProgramData/MATLAB/SupportPackages/R2025b/3P.instrset/gnuarm-armcortex.instrset/win/bin/../lib/gcc/arm-none-eabi/13.2.1/thumb/v7e-m+dp/hard\libm.a(libm_a-e_atan2.o)
 .ARM.attributes
                0x0000077b       0x32 C:/ProgramData/MATLAB/SupportPackages/R2025b/3P.instrset/gnuarm-armcortex.instrset/win/bin/../lib/gcc/arm-none-eabi/13.2.1/thumb/v7e-m+dp/hard\libm.a(libm_a-e_fmod.o)
 .ARM.attributes
                0x000007ad       0x32 C:/ProgramData/MATLAB/SupportPackages/R2025b/3P.instrset/gnuarm-armcortex.instrset/win/bin/../lib/gcc/arm-none-eabi/13.2.1/thumb/v7e-m+dp/hard\libm.a(libm_a-e_rem_pio2.o)
 .ARM.attributes
                0x000007df       0x32 C:/ProgramData/MATLAB/SupportPackages/R2025b/3P.instrset/gnuarm-armcortex.instrset/win/bin/../lib/gcc/arm-none-eabi/13.2.1/thumb/v7e-m+dp/hard\libm.a(libm_a-s_atan.o)
 .ARM.attributes
                0x00000811       0x32 C:/ProgramData/MATLAB/SupportPackages/R2025b/3P.instrset/gnuarm-armcortex.instrset/win/bin/../lib/gcc/arm-none-eabi/13.2.1/thumb/v7e-m+dp/hard\libm.a(libm_a-k_rem_pio2.o)
 .ARM.attributes
                0x00000843       0x32 C:/ProgramData/MATLAB/SupportPackages/R2025b/3P.instrset/gnuarm-armcortex.instrset/win/bin/../lib/gcc/arm-none-eabi/13.2.1/thumb/v7e-m+dp/hard\libm.a(libm_a-s_scalbn.o)
 .ARM.attributes
                0x00000875       0x32 C:/ProgramData/MATLAB/SupportPackages/R2025b/3P.instrset/gnuarm-armcortex.instrset/win/bin/../lib/gcc/arm-none-eabi/13.2.1/thumb/v7e-m+dp/hard\libm.a(libm_a-s_floor.o)
 .ARM.attributes
                0x000008a7       0x20 C:/ProgramData/MATLAB/SupportPackages/R2025b/3P.instrset/gnuarm-armcortex.instrset/win/bin/../lib/gcc/arm-none-eabi/13.2.1/thumb/v7e-m+dp/hard\libgcc.a(_aeabi_uldivmod.o)
 .ARM.attributes
                0x000008c7       0x32 C:/ProgramData/MATLAB/SupportPackages/R2025b/3P.instrset/gnuarm-armcortex.instrset/win/bin/../lib/gcc/arm-none-eabi/13.2.1/thumb/v7e-m+dp/hard\libgcc.a(_udivmoddi4.o)
 .ARM.attributes
                0x000008f9       0x20 C:/ProgramData/MATLAB/SupportPackages/R2025b/3P.instrset/gnuarm-armcortex.instrset/win/bin/../lib/gcc/arm-none-eabi/13.2.1/thumb/v7e-m+dp/hard\libgcc.a(_dvmd_tls.o)
 .ARM.attributes
                0x00000919       0x32 C:/ProgramData/MATLAB/SupportPackages/R2025b/3P.instrset/gnuarm-armcortex.instrset/win/bin/../lib/gcc/arm-none-eabi/13.2.1/thumb/v7e-m+dp/hard\libg_nano.a(libc_a-findfp.o)
 .ARM.attributes
                0x0000094b       0x32 C:/ProgramData/MATLAB/SupportPackages/R2025b/3P.instrset/gnuarm-armcortex.instrset/win/bin/../lib/gcc/arm-none-eabi/13.2.1/thumb/v7e-m+dp/hard\libg_nano.a(libc_a-memset.o)
 .ARM.attributes
                0x0000097d       0x32 C:/ProgramData/MATLAB/SupportPackages/R2025b/3P.instrset/gnuarm-armcortex.instrset/win/bin/../lib/gcc/arm-none-eabi/13.2.1/thumb/v7e-m+dp/hard\libg_nano.a(libc_a-impure.o)
 .ARM.attributes
                0x000009af       0x32 C:/ProgramData/MATLAB/SupportPackages/R2025b/3P.instrset/gnuarm-armcortex.instrset/win/bin/../lib/gcc/arm-none-eabi/13.2.1/thumb/v7e-m+dp/hard\libg_nano.a(libc_a-errno.o)
 .ARM.attributes
                0x000009e1       0x32 C:/ProgramData/MATLAB/SupportPackages/R2025b/3P.instrset/gnuarm-armcortex.instrset/win/bin/../lib/gcc/arm-none-eabi/13.2.1/thumb/v7e-m+dp/hard\libg_nano.a(libc_a-init.o)
 .ARM.attributes
                0x00000a13       0x32 C:/ProgramData/MATLAB/SupportPackages/R2025b/3P.instrset/gnuarm-armcortex.instrset/win/bin/../lib/gcc/arm-none-eabi/13.2.1/thumb/v7e-m+dp/hard\libg_nano.a(libc_a-memcpy-stub.o)
 .ARM.attributes
                0x00000a45       0x32 C:/ProgramData/MATLAB/SupportPackages/R2025b/3P.instrset/gnuarm-armcortex.instrset/win/bin/../lib/gcc/arm-none-eabi/13.2.1/thumb/v7e-m+dp/hard/crtend.o
 .ARM.attributes
                0x00000a77       0x20 C:/ProgramData/MATLAB/SupportPackages/R2025b/3P.instrset/gnuarm-armcortex.instrset/win/bin/../lib/gcc/arm-none-eabi/13.2.1/thumb/v7e-m+dp/hard/crtn.o

.dma_buffer
 *(.dma_buffer)

.bdma_buffer
 *(.bdma_buffer)
OUTPUT(../AccGyrXSim.elf elf32-littlearm)
LOAD linker stubs
LOAD C:/ProgramData/MATLAB/SupportPackages/R2025b/3P.instrset/gnuarm-armcortex.instrset/win/bin/../lib/gcc/arm-none-eabi/13.2.1/thumb/v7e-m+dp/hard\libc.a
LOAD C:/ProgramData/MATLAB/SupportPackages/R2025b/3P.instrset/gnuarm-armcortex.instrset/win/bin/../lib/gcc/arm-none-eabi/13.2.1/thumb/v7e-m+dp/hard\libm.a
LOAD C:/ProgramData/MATLAB/SupportPackages/R2025b/3P.instrset/gnuarm-armcortex.instrset/win/bin/../lib/gcc/arm-none-eabi/13.2.1/thumb/v7e-m+dp/hard\libgcc.a

.debug_info     0x00000000    0x198ea
 .debug_info    0x00000000      0xb9b AccGyrXSim.c.o
 .debug_info    0x00000b9b      0x368 ert_main.c.o
 .debug_info    0x00000f03      0x1d4 rt_nonfinite.c.o
 .debug_info    0x000010d7      0x33d platform_timer.c.o
 .debug_info    0x00001414      0xaa0 SysTickScheduler.c.o
 .debug_info    0x00001eb4      0x122 m3m4m4f_multitasking.c.o
 .debug_info    0x00001fd6     0x1ab1 main.c.o
 .debug_info    0x00003a87      0x875 stm32h7xx_it.c.o
 .debug_info    0x000042fc     0x1c80 stm32h7xx_hal_msp.c.o
 .debug_info    0x00005f7c     0x109c stm32h7xx_hal_timebase_tim.c.o
 .debug_info    0x00007018      0x89b stm32h7xx_ll_gpio.c.o
 .debug_info    0x000078b3     0x106f stm32h7xx_hal_cortex.c.o
 .debug_info    0x00008922     0x14a7 stm32h7xx_hal_spi.c.o
 .debug_info    0x00009dc9      0xe76 stm32h7xx_hal_rcc.c.o
 .debug_info    0x0000ac3f     0x11ee stm32h7xx_hal_rcc_ex.c.o
 .debug_info    0x0000be2d      0xc47 stm32h7xx_hal_gpio.c.o
 .debug_info    0x0000ca74     0x1013 stm32h7xx_hal_pwr_ex.c.o
 .debug_info    0x0000da87     0x153d stm32h7xx_hal.c.o
 .debug_info    0x0000efc4     0x2b55 stm32h7xx_hal_tim.c.o
 .debug_info    0x00011b19     0x17b5 stm32h7xx_hal_tim_ex.c.o
 .debug_info    0x000132ce     0x4991 stm32h7xx_hal_uart.c.o
 .debug_info    0x00017c5f      0xf61 stm32h7xx_hal_uart_ex.c.o
 .debug_info    0x00018bc0      0xcfa system_stm32h7xx.c.o
 .debug_info    0x000198ba       0x30 startup_stm32h753zitx.s.o

.debug_abbrev   0x00000000     0x3242
 .debug_abbrev  0x00000000      0x251 AccGyrXSim.c.o
 .debug_abbrev  0x00000251      0x1e2 ert_main.c.o
 .debug_abbrev  0x00000433       0xaa rt_nonfinite.c.o
 .debug_abbrev  0x000004dd      0x13b platform_timer.c.o
 .debug_abbrev  0x00000618      0x218 SysTickScheduler.c.o
 .debug_abbrev  0x00000830       0xb3 m3m4m4f_multitasking.c.o
 .debug_abbrev  0x000008e3      0x2a9 main.c.o
 .debug_abbrev  0x00000b8c      0x194 stm32h7xx_it.c.o
 .debug_abbrev  0x00000d20      0x24c stm32h7xx_hal_msp.c.o
 .debug_abbrev  0x00000f6c      0x210 stm32h7xx_hal_timebase_tim.c.o
 .debug_abbrev  0x0000117c      0x228 stm32h7xx_ll_gpio.c.o
 .debug_abbrev  0x000013a4      0x337 stm32h7xx_hal_cortex.c.o
 .debug_abbrev  0x000016db      0x2a8 stm32h7xx_hal_spi.c.o
 .debug_abbrev  0x00001983      0x2c5 stm32h7xx_hal_rcc.c.o
 .debug_abbrev  0x00001c48      0x267 stm32h7xx_hal_rcc_ex.c.o
 .debug_abbrev  0x00001eaf      0x1fc stm32h7xx_hal_gpio.c.o
 .debug_abbrev  0x000020ab      0x2a5 stm32h7xx_hal_pwr_ex.c.o
 .debug_abbrev  0x00002350      0x293 stm32h7xx_hal.c.o
 .debug_abbrev  0x000025e3      0x26d stm32h7xx_hal_tim.c.o
 .debug_abbrev  0x00002850      0x278 stm32h7xx_hal_tim_ex.c.o
 .debug_abbrev  0x00002ac8      0x33b stm32h7xx_hal_uart.c.o
 .debug_abbrev  0x00002e03      0x2d1 stm32h7xx_hal_uart_ex.c.o
 .debug_abbrev  0x000030d4      0x14a system_stm32h7xx.c.o
 .debug_abbrev  0x0000321e       0x24 startup_stm32h753zitx.s.o

.debug_aranges  0x00000000     0x1338
 .debug_aranges
                0x00000000       0x50 AccGyrXSim.c.o
 .debug_aranges
                0x00000050       0x28 ert_main.c.o
 .debug_aranges
                0x00000078       0x38 rt_nonfinite.c.o
 .debug_aranges
                0x000000b0       0x30 platform_timer.c.o
 .debug_aranges
                0x000000e0       0x48 SysTickScheduler.c.o
 .debug_aranges
                0x00000128       0x28 m3m4m4f_multitasking.c.o
 .debug_aranges
                0x00000150       0x60 main.c.o
 .debug_aranges
                0x000001b0       0x70 stm32h7xx_it.c.o
 .debug_aranges
                0x00000220       0x50 stm32h7xx_hal_msp.c.o
 .debug_aranges
                0x00000270       0x30 stm32h7xx_hal_timebase_tim.c.o
 .debug_aranges
                0x000002a0       0x70 stm32h7xx_ll_gpio.c.o
 .debug_aranges
                0x00000310      0x120 stm32h7xx_hal_cortex.c.o
 .debug_aranges
                0x00000430      0x1a0 stm32h7xx_hal_spi.c.o
 .debug_aranges
                0x000005d0       0x88 stm32h7xx_hal_rcc.c.o
 .debug_aranges
                0x00000658       0xf8 stm32h7xx_hal_rcc_ex.c.o
 .debug_aranges
                0x00000750       0x58 stm32h7xx_hal_gpio.c.o
 .debug_aranges
                0x000007a8      0x158 stm32h7xx_hal_pwr_ex.c.o
 .debug_aranges
                0x00000900      0x198 stm32h7xx_hal.c.o
 .debug_aranges
                0x00000a98      0x3e0 stm32h7xx_hal_tim.c.o
 .debug_aranges
                0x00000e78      0x188 stm32h7xx_hal_tim_ex.c.o
 .debug_aranges
                0x00001000      0x248 stm32h7xx_hal_uart.c.o
 .debug_aranges
                0x00001248       0xa0 stm32h7xx_hal_uart_ex.c.o
 .debug_aranges
                0x000012e8       0x28 system_stm32h7xx.c.o
 .debug_aranges
                0x00001310       0x28 startup_stm32h753zitx.s.o

.debug_rnglists
                0x00000000      0xee3
 .debug_rnglists
                0x00000000       0x3d AccGyrXSim.c.o
 .debug_rnglists
                0x0000003d       0x1a ert_main.c.o
 .debug_rnglists
                0x00000057       0x25 rt_nonfinite.c.o
 .debug_rnglists
                0x0000007c       0x1f platform_timer.c.o
 .debug_rnglists
                0x0000009b       0x32 SysTickScheduler.c.o
 .debug_rnglists
                0x000000cd       0x19 m3m4m4f_multitasking.c.o
 .debug_rnglists
                0x000000e6       0x47 main.c.o
 .debug_rnglists
                0x0000012d       0x4f stm32h7xx_it.c.o
 .debug_rnglists
                0x0000017c       0x39 stm32h7xx_hal_msp.c.o
 .debug_rnglists
                0x000001b5       0x20 stm32h7xx_hal_timebase_tim.c.o
 .debug_rnglists
                0x000001d5       0x51 stm32h7xx_ll_gpio.c.o
 .debug_rnglists
                0x00000226       0xd4 stm32h7xx_hal_cortex.c.o
 .debug_rnglists
                0x000002fa      0x142 stm32h7xx_hal_spi.c.o
 .debug_rnglists
                0x0000043c       0x68 stm32h7xx_hal_rcc.c.o
 .debug_rnglists
                0x000004a4       0xc0 stm32h7xx_hal_rcc_ex.c.o
 .debug_rnglists
                0x00000564       0x3f stm32h7xx_hal_gpio.c.o
 .debug_rnglists
                0x000005a3      0x102 stm32h7xx_hal_pwr_ex.c.o
 .debug_rnglists
                0x000006a5      0x131 stm32h7xx_hal.c.o
 .debug_rnglists
                0x000007d6      0x328 stm32h7xx_hal_tim.c.o
 .debug_rnglists
                0x00000afe      0x13f stm32h7xx_hal_tim_ex.c.o
 .debug_rnglists
                0x00000c3d      0x1f9 stm32h7xx_hal_uart.c.o
 .debug_rnglists
                0x00000e36       0x79 stm32h7xx_hal_uart_ex.c.o
 .debug_rnglists
                0x00000eaf       0x1b system_stm32h7xx.c.o
 .debug_rnglists
                0x00000eca       0x19 startup_stm32h753zitx.s.o

.debug_line     0x00000000    0x130b2
 .debug_line    0x00000000     0x13d3 AccGyrXSim.c.o
 .debug_line    0x000013d3      0x4a6 ert_main.c.o
 .debug_line    0x00001879      0x148 rt_nonfinite.c.o
 .debug_line    0x000019c1      0x3c2 platform_timer.c.o
 .debug_line    0x00001d83      0x4a4 SysTickScheduler.c.o
 .debug_line    0x00002227      0x234 m3m4m4f_multitasking.c.o
 .debug_line    0x0000245b      0x61c main.c.o
 .debug_line    0x00002a77      0x36b stm32h7xx_it.c.o
 .debug_line    0x00002de2      0x478 stm32h7xx_hal_msp.c.o
 .debug_line    0x0000325a      0x341 stm32h7xx_hal_timebase_tim.c.o
 .debug_line    0x0000359b      0x4d0 stm32h7xx_ll_gpio.c.o
 .debug_line    0x00003a6b      0x86c stm32h7xx_hal_cortex.c.o
 .debug_line    0x000042d7     0x1c2b stm32h7xx_hal_spi.c.o
 .debug_line    0x00005f02      0xf47 stm32h7xx_hal_rcc.c.o
 .debug_line    0x00006e49     0x16bf stm32h7xx_hal_rcc_ex.c.o
 .debug_line    0x00008508      0x6d6 stm32h7xx_hal_gpio.c.o
 .debug_line    0x00008bde      0xa69 stm32h7xx_hal_pwr_ex.c.o
 .debug_line    0x00009647      0x8f8 stm32h7xx_hal.c.o
 .debug_line    0x00009f3f     0x393c stm32h7xx_hal_tim.c.o
 .debug_line    0x0000d87b     0x1755 stm32h7xx_hal_tim_ex.c.o
 .debug_line    0x0000efd0     0x330c stm32h7xx_hal_uart.c.o
 .debug_line    0x000122dc      0x8a6 stm32h7xx_hal_uart_ex.c.o
 .debug_line    0x00012b82      0x4b6 system_stm32h7xx.c.o
 .debug_line    0x00013038       0x7a startup_stm32h753zitx.s.o

.debug_str      0x00000000     0x6e6f
 .debug_str     0x00000000     0x6e6f AccGyrXSim.c.o
                                0x733 (size before relaxing)
 .debug_str     0x00006e6f      0x418 ert_main.c.o
 .debug_str     0x00006e6f      0x26b rt_nonfinite.c.o
 .debug_str     0x00006e6f      0x35d platform_timer.c.o
 .debug_str     0x00006e6f      0xd40 SysTickScheduler.c.o
 .debug_str     0x00006e6f      0x276 m3m4m4f_multitasking.c.o
 .debug_str     0x00006e6f     0x13d7 main.c.o
 .debug_str     0x00006e6f      0x944 stm32h7xx_it.c.o
 .debug_str     0x00006e6f     0x1c79 stm32h7xx_hal_msp.c.o
 .debug_str     0x00006e6f     0x1454 stm32h7xx_hal_timebase_tim.c.o
 .debug_str     0x00006e6f      0x605 stm32h7xx_ll_gpio.c.o
 .debug_str     0x00006e6f     0x109d stm32h7xx_hal_cortex.c.o
 .debug_str     0x00006e6f      0xdf0 stm32h7xx_hal_spi.c.o
 .debug_str     0x00006e6f      0xa59 stm32h7xx_hal_rcc.c.o
 .debug_str     0x00006e6f      0xf3b stm32h7xx_hal_rcc_ex.c.o
 .debug_str     0x00006e6f      0x713 stm32h7xx_hal_gpio.c.o
 .debug_str     0x00006e6f      0xa8f stm32h7xx_hal_pwr_ex.c.o
 .debug_str     0x00006e6f     0x1508 stm32h7xx_hal.c.o
 .debug_str     0x00006e6f     0x1898 stm32h7xx_hal_tim.c.o
 .debug_str     0x00006e6f     0x11d0 stm32h7xx_hal_tim_ex.c.o
 .debug_str     0x00006e6f     0x14b9 stm32h7xx_hal_uart.c.o
 .debug_str     0x00006e6f      0xba4 stm32h7xx_hal_uart_ex.c.o
 .debug_str     0x00006e6f      0x781 system_stm32h7xx.c.o
 .debug_str     0x00006e6f       0xc2 startup_stm32h753zitx.s.o

.comment        0x00000000       0x44
 .comment       0x00000000       0x44 AccGyrXSim.c.o
                                 0x45 (size before relaxing)
 .comment       0x00000044       0x45 ert_main.c.o
 .comment       0x00000044       0x45 rt_nonfinite.c.o
 .comment       0x00000044       0x45 platform_timer.c.o
 .comment       0x00000044       0x45 SysTickScheduler.c.o
 .comment       0x00000044       0x45 m3m4m4f_multitasking.c.o
 .comment       0x00000044       0x45 main.c.o
 .comment       0x00000044       0x45 stm32h7xx_it.c.o
 .comment       0x00000044       0x45 stm32h7xx_hal_msp.c.o
 .comment       0x00000044       0x45 stm32h7xx_hal_timebase_tim.c.o
 .comment       0x00000044       0x45 stm32h7xx_ll_gpio.c.o
 .comment       0x00000044       0x45 stm32h7xx_hal_cortex.c.o
 .comment       0x00000044       0x45 stm32h7xx_hal_spi.c.o
 .comment       0x00000044       0x45 stm32h7xx_hal_rcc.c.o
 .comment       0x00000044       0x45 stm32h7xx_hal_rcc_ex.c.o
 .comment       0x00000044       0x45 stm32h7xx_hal_gpio.c.o
 .comment       0x00000044       0x45 stm32h7xx_hal_pwr_ex.c.o
 .comment       0x00000044       0x45 stm32h7xx_hal.c.o
 .comment       0x00000044       0x45 stm32h7xx_hal_tim.c.o
 .comment       0x00000044       0x45 stm32h7xx_hal_tim_ex.c.o
 .comment       0x00000044       0x45 stm32h7xx_hal_uart.c.o
 .comment       0x00000044       0x45 stm32h7xx_hal_uart_ex.c.o
 .comment       0x00000044       0x45 system_stm32h7xx.c.o

.debug_frame    0x00000000     0x56f0
 .debug_frame   0x00000000      0x118 AccGyrXSim.c.o
 .debug_frame   0x00000118       0x50 ert_main.c.o
 .debug_frame   0x00000168       0xb0 rt_nonfinite.c.o
 .debug_frame   0x00000218       0x6c platform_timer.c.o
 .debug_frame   0x00000284       0xdc SysTickScheduler.c.o
 .debug_frame   0x00000360       0x30 m3m4m4f_multitasking.c.o
 .debug_frame   0x00000390      0x138 main.c.o
 .debug_frame   0x000004c8      0x140 stm32h7xx_it.c.o
 .debug_frame   0x00000608      0x118 stm32h7xx_hal_msp.c.o
 .debug_frame   0x00000720       0x74 stm32h7xx_hal_timebase_tim.c.o
 .debug_frame   0x00000794      0x1c0 stm32h7xx_ll_gpio.c.o
 .debug_frame   0x00000954      0x4b8 stm32h7xx_hal_cortex.c.o
 .debug_frame   0x00000e0c      0x778 stm32h7xx_hal_spi.c.o
 .debug_frame   0x00001584      0x1f8 stm32h7xx_hal_rcc.c.o
 .debug_frame   0x0000177c      0x3f4 stm32h7xx_hal_rcc_ex.c.o
 .debug_frame   0x00001b70      0x14c stm32h7xx_hal_gpio.c.o
 .debug_frame   0x00001cbc      0x580 stm32h7xx_hal_pwr_ex.c.o
 .debug_frame   0x0000223c      0x690 stm32h7xx_hal.c.o
 .debug_frame   0x000028cc     0x121c stm32h7xx_hal_tim.c.o
 .debug_frame   0x00003ae8      0x6d8 stm32h7xx_hal_tim_ex.c.o
 .debug_frame   0x000041c0      0xa94 stm32h7xx_hal_uart.c.o
 .debug_frame   0x00004c54      0x29c stm32h7xx_hal_uart_ex.c.o
 .debug_frame   0x00004ef0       0x58 system_stm32h7xx.c.o
 .debug_frame   0x00004f48       0x54 C:/ProgramData/MATLAB/SupportPackages/R2025b/3P.instrset/gnuarm-armcortex.instrset/win/bin/../lib/gcc/arm-none-eabi/13.2.1/thumb/v7e-m+dp/hard\libm.a(libm_a-w_asin.o)
 .debug_frame   0x00004f9c       0x20 C:/ProgramData/MATLAB/SupportPackages/R2025b/3P.instrset/gnuarm-armcortex.instrset/win/bin/../lib/gcc/arm-none-eabi/13.2.1/thumb/v7e-m+dp/hard\libm.a(libm_a-w_atan2.o)
 .debug_frame   0x00004fbc       0x50 C:/ProgramData/MATLAB/SupportPackages/R2025b/3P.instrset/gnuarm-armcortex.instrset/win/bin/../lib/gcc/arm-none-eabi/13.2.1/thumb/v7e-m+dp/hard\libm.a(libm_a-w_fmod.o)
 .debug_frame   0x0000500c       0x50 C:/ProgramData/MATLAB/SupportPackages/R2025b/3P.instrset/gnuarm-armcortex.instrset/win/bin/../lib/gcc/arm-none-eabi/13.2.1/thumb/v7e-m+dp/hard\libm.a(libm_a-w_sqrt.o)
 .debug_frame   0x0000505c       0x34 C:/ProgramData/MATLAB/SupportPackages/R2025b/3P.instrset/gnuarm-armcortex.instrset/win/bin/../lib/gcc/arm-none-eabi/13.2.1/thumb/v7e-m+dp/hard\libm.a(libm_a-s_cos.o)
 .debug_frame   0x00005090       0x20 C:/ProgramData/MATLAB/SupportPackages/R2025b/3P.instrset/gnuarm-armcortex.instrset/win/bin/../lib/gcc/arm-none-eabi/13.2.1/thumb/v7e-m+dp/hard\libm.a(libm_a-s_fabs.o)
 .debug_frame   0x000050b0       0x34 C:/ProgramData/MATLAB/SupportPackages/R2025b/3P.instrset/gnuarm-armcortex.instrset/win/bin/../lib/gcc/arm-none-eabi/13.2.1/thumb/v7e-m+dp/hard\libm.a(libm_a-s_sin.o)
 .debug_frame   0x000050e4       0x20 C:/ProgramData/MATLAB/SupportPackages/R2025b/3P.instrset/gnuarm-armcortex.instrset/win/bin/../lib/gcc/arm-none-eabi/13.2.1/thumb/v7e-m+dp/hard\libm.a(libm_a-s_nan.o)
 .debug_frame   0x00005104       0x20 C:/ProgramData/MATLAB/SupportPackages/R2025b/3P.instrset/gnuarm-armcortex.instrset/win/bin/../lib/gcc/arm-none-eabi/13.2.1/thumb/v7e-m+dp/hard\libm.a(libm_a-e_sqrt.o)
 .debug_frame   0x00005124       0x44 C:/ProgramData/MATLAB/SupportPackages/R2025b/3P.instrset/gnuarm-armcortex.instrset/win/bin/../lib/gcc/arm-none-eabi/13.2.1/thumb/v7e-m+dp/hard\libm.a(libm_a-k_cos.o)
 .debug_frame   0x00005168       0x20 C:/ProgramData/MATLAB/SupportPackages/R2025b/3P.instrset/gnuarm-armcortex.instrset/win/bin/../lib/gcc/arm-none-eabi/13.2.1/thumb/v7e-m+dp/hard\libm.a(libm_a-k_sin.o)
 .debug_frame   0x00005188       0xb4 C:/ProgramData/MATLAB/SupportPackages/R2025b/3P.instrset/gnuarm-armcortex.instrset/win/bin/../lib/gcc/arm-none-eabi/13.2.1/thumb/v7e-m+dp/hard\libm.a(libm_a-e_asin.o)
 .debug_frame   0x0000523c       0x50 C:/ProgramData/MATLAB/SupportPackages/R2025b/3P.instrset/gnuarm-armcortex.instrset/win/bin/../lib/gcc/arm-none-eabi/13.2.1/thumb/v7e-m+dp/hard\libm.a(libm_a-e_atan2.o)
 .debug_frame   0x0000528c       0x40 C:/ProgramData/MATLAB/SupportPackages/R2025b/3P.instrset/gnuarm-armcortex.instrset/win/bin/../lib/gcc/arm-none-eabi/13.2.1/thumb/v7e-m+dp/hard\libm.a(libm_a-e_fmod.o)
 .debug_frame   0x000052cc       0x34 C:/ProgramData/MATLAB/SupportPackages/R2025b/3P.instrset/gnuarm-armcortex.instrset/win/bin/../lib/gcc/arm-none-eabi/13.2.1/thumb/v7e-m+dp/hard\libm.a(libm_a-e_rem_pio2.o)
 .debug_frame   0x00005300       0xcc C:/ProgramData/MATLAB/SupportPackages/R2025b/3P.instrset/gnuarm-armcortex.instrset/win/bin/../lib/gcc/arm-none-eabi/13.2.1/thumb/v7e-m+dp/hard\libm.a(libm_a-s_atan.o)
 .debug_frame   0x000053cc       0x70 C:/ProgramData/MATLAB/SupportPackages/R2025b/3P.instrset/gnuarm-armcortex.instrset/win/bin/../lib/gcc/arm-none-eabi/13.2.1/thumb/v7e-m+dp/hard\libm.a(libm_a-k_rem_pio2.o)
 .debug_frame   0x0000543c       0x48 C:/ProgramData/MATLAB/SupportPackages/R2025b/3P.instrset/gnuarm-armcortex.instrset/win/bin/../lib/gcc/arm-none-eabi/13.2.1/thumb/v7e-m+dp/hard\libm.a(libm_a-s_scalbn.o)
 .debug_frame   0x00005484       0x34 C:/ProgramData/MATLAB/SupportPackages/R2025b/3P.instrset/gnuarm-armcortex.instrset/win/bin/../lib/gcc/arm-none-eabi/13.2.1/thumb/v7e-m+dp/hard\libm.a(libm_a-s_floor.o)
 .debug_frame   0x000054b8       0x2c C:/ProgramData/MATLAB/SupportPackages/R2025b/3P.instrset/gnuarm-armcortex.instrset/win/bin/../lib/gcc/arm-none-eabi/13.2.1/thumb/v7e-m+dp/hard\libgcc.a(_aeabi_uldivmod.o)
 .debug_frame   0x000054e4       0x34 C:/ProgramData/MATLAB/SupportPackages/R2025b/3P.instrset/gnuarm-armcortex.instrset/win/bin/../lib/gcc/arm-none-eabi/13.2.1/thumb/v7e-m+dp/hard\libgcc.a(_udivmoddi4.o)
 .debug_frame   0x00005518      0x144 C:/ProgramData/MATLAB/SupportPackages/R2025b/3P.instrset/gnuarm-armcortex.instrset/win/bin/../lib/gcc/arm-none-eabi/13.2.1/thumb/v7e-m+dp/hard\libg_nano.a(libc_a-findfp.o)
 .debug_frame   0x0000565c       0x20 C:/ProgramData/MATLAB/SupportPackages/R2025b/3P.instrset/gnuarm-armcortex.instrset/win/bin/../lib/gcc/arm-none-eabi/13.2.1/thumb/v7e-m+dp/hard\libg_nano.a(libc_a-memset.o)
 .debug_frame   0x0000567c       0x20 C:/ProgramData/MATLAB/SupportPackages/R2025b/3P.instrset/gnuarm-armcortex.instrset/win/bin/../lib/gcc/arm-none-eabi/13.2.1/thumb/v7e-m+dp/hard\libg_nano.a(libc_a-errno.o)
 .debug_frame   0x0000569c       0x2c C:/ProgramData/MATLAB/SupportPackages/R2025b/3P.instrset/gnuarm-armcortex.instrset/win/bin/../lib/gcc/arm-none-eabi/13.2.1/thumb/v7e-m+dp/hard\libg_nano.a(libc_a-init.o)
 .debug_frame   0x000056c8       0x28 C:/ProgramData/MATLAB/SupportPackages/R2025b/3P.instrset/gnuarm-armcortex.instrset/win/bin/../lib/gcc/arm-none-eabi/13.2.1/thumb/v7e-m+dp/hard\libg_nano.a(libc_a-memcpy-stub.o)

.debug_loclists
                0x00000000       0x98
 .debug_loclists
                0x00000000       0x98 platform_timer.c.o

.debug_line_str
                0x00000000      0x17b
 .debug_line_str
                0x00000000      0x17b startup_stm32h753zitx.s.o
                                 0xa6 (size before relaxing)
 .debug_line_str
                0x0000017b       0xc9 C:/ProgramData/MATLAB/SupportPackages/R2025b/3P.instrset/gnuarm-armcortex.instrset/win/bin/../lib/gcc/arm-none-eabi/13.2.1/thumb/v7e-m+dp/hard\libgcc.a(_aeabi_uldivmod.o)
 .debug_line_str
                0x0000017b       0xcd C:/ProgramData/MATLAB/SupportPackages/R2025b/3P.instrset/gnuarm-armcortex.instrset/win/bin/../lib/gcc/arm-none-eabi/13.2.1/thumb/v7e-m+dp/hard\libgcc.a(_dvmd_tls.o)
