16:41:50 **** Incremental Build of configuration Debug for project STM32_IMU ****
make -j16 all 
arm-none-eabi-size  STM32_IMU.elf 
   text	   data	    bss	    dec	    hex	filename
  87472	    816	   5072	  93360	  16cb0	STM32_IMU.elf
Finished building: default.size.stdout
 
16:41:53 **** Incremental Build of configuration Debug for project STM32_IMU ****
make -j16 all 
arm-none-eabi-size  STM32_IMU.elf 
   text	   data	    bss	    dec	    hex	filename
  87472	    816	   5072	  93360	  16cb0	STM32_IMU.elf
Finished building: default.size.stdout
 
16:43:47 **** Incremental Build of configuration Debug for project STM32_IMU ****
make -j16 all 
arm-none-eabi-size  STM32_IMU.elf 
   text	   data	    bss	    dec	    hex	filename
  87472	    816	   5072	  93360	  16cb0	STM32_IMU.elf
Finished building: default.size.stdout
 
16:48:47 **** Incremental Build of configuration Debug for project STM32_IMU ****
make -j16 all 
arm-none-eabi-size  STM32_IMU.elf 
   text	   data	    bss	    dec	    hex	filename
  87472	    816	   5072	  93360	  16cb0	STM32_IMU.elf
Finished building: default.size.stdout
 
